216.244.66.241 - - [27/Mar/2023:00:25:41 +0700] "GET /robots.txt HTTP/1.1" 200 31785 "-" "Mozilla/5.0 (compatible; DotBot/1.2; +https://opensiteexplorer.org/dotbot; help@moz.com)"
216.244.66.241 - - [27/Mar/2023:00:25:41 +0700] "GET /robots.txt HTTP/1.1" 200 31809 "-" "Mozilla/5.0 (compatible; DotBot/1.2; +https://opensiteexplorer.org/dotbot; help@moz.com)"
216.244.66.241 - - [27/Mar/2023:00:47:10 +0700] "GET /index.php?author=E.+Juhana+Wijaya&search=Search HTTP/1.1" 200 33239 "-" "Mozilla/5.0 (compatible; DotBot/1.2; +https://opensiteexplorer.org/dotbot; help@moz.com)"
216.244.66.241 - - [27/Mar/2023:00:48:35 +0700] "GET /index.php?p=show_detail&id=176 HTTP/1.1" 200 33981 "-" "Mozilla/5.0 (compatible; DotBot/1.2; +https://opensiteexplorer.org/dotbot; help@moz.com)"
185.191.171.6 - - [27/Mar/2023:00:49:28 +0700] "GET /robots.txt HTTP/1.1" 200 7669 "-" "Mozilla/5.0 (compatible; SemrushBot/7~bl; +http://www.semrush.com/bot.html)"
185.191.171.36 - - [27/Mar/2023:00:49:41 +0700] "GET /index.php?author=%22Ibnu%2BHamad%22&search=Search HTTP/1.1" 200 8366 "-" "Mozilla/5.0 (compatible; SemrushBot/7~bl; +http://www.semrush.com/bot.html)"
216.244.66.241 - - [27/Mar/2023:00:50:29 +0700] "GET /index.php?p=cite&id=164&keywords= HTTP/1.1" 200 550 "-" "Mozilla/5.0 (compatible; DotBot/1.2; +https://opensiteexplorer.org/dotbot; help@moz.com)"
185.191.171.26 - - [27/Mar/2023:00:53:21 +0700] "GET /index.php?id=31&keywords&p=show_detail HTTP/1.1" 200 8030 "-" "Mozilla/5.0 (compatible; SemrushBot/7~bl; +http://www.semrush.com/bot.html)"
66.249.71.170 - - [27/Mar/2023:01:03:48 +0700] "GET /robots.txt HTTP/1.1" 200 7239 "-" "Mozilla/5.0 (compatible; Googlebot/2.1; +http://www.google.com/bot.html)"
66.249.71.202 - - [27/Mar/2023:01:03:48 +0700] "GET /lib/minigalnano/createthumb.php?filename=..%2F..%2Fimages%2Fdocs%2Fbuku20210622_The_Miracle_of_Dzikir.jpg.jpg&width=120 HTTP/1.1" 200 8275 "-" "Googlebot-Image/1.0"
66.249.71.42 - - [27/Mar/2023:01:08:05 +0700] "GET /lib/minigalnano/createthumb.php?filename=..%2F..%2Fimages%2Fdocs%2Fbuku20210503_Psikologi_Sosial_Terapan.jpg.jpg&width=120 HTTP/1.1" 200 8159 "-" "Googlebot-Image/1.0"
185.191.171.44 - - [27/Mar/2023:01:12:30 +0700] "GET /index.php?id=250&keywords&p=show_detail HTTP/1.1" 200 7893 "-" "Mozilla/5.0 (compatible; SemrushBot/7~bl; +http://www.semrush.com/bot.html)"
185.191.171.9 - - [27/Mar/2023:01:12:47 +0700] "GET /index.php?author=Anita%2BLie&search=Search HTTP/1.1" 200 7620 "-" "Mozilla/5.0 (compatible; SemrushBot/7~bl; +http://www.semrush.com/bot.html)"
185.191.171.19 - - [27/Mar/2023:01:16:34 +0700] "GET /index.php?id=395&keywords&p=show_detail HTTP/1.1" 200 8063 "-" "Mozilla/5.0 (compatible; SemrushBot/7~bl; +http://www.semrush.com/bot.html)"
185.191.171.4 - - [27/Mar/2023:01:31:01 +0700] "GET /index.php?id=134&keywords&p=show_detail HTTP/1.1" 200 8112 "-" "Mozilla/5.0 (compatible; SemrushBot/7~bl; +http://www.semrush.com/bot.html)"
185.191.171.43 - - [27/Mar/2023:01:58:49 +0700] "GET /robots.txt HTTP/1.1" 200 7669 "-" "Mozilla/5.0 (compatible; SemrushBot/7~bl; +http://www.semrush.com/bot.html)"
185.191.171.45 - - [27/Mar/2023:01:58:50 +0700] "GET /index.php?author=%22Drs.I.Taufik%22&search=Search HTTP/1.1" 200 8273 "-" "Mozilla/5.0 (compatible; SemrushBot/7~bl; +http://www.semrush.com/bot.html)"
66.249.71.40 - - [27/Mar/2023:02:07:14 +0700] "GET /robots.txt HTTP/1.1" 200 7238 "-" "Mozilla/5.0 (compatible; Googlebot/2.1; +http://www.google.com/bot.html)"
66.249.70.166 - - [27/Mar/2023:02:07:14 +0700] "GET /lib/minigalnano/createthumb.php?filename=..%2F..%2Fimages%2Fdocs%2Fbuku20210504_Mendidik_Kecerdasan.jpg.jpg&width=120 HTTP/1.1" 200 8807 "-" "Googlebot-Image/1.0"
216.244.66.241 - - [27/Mar/2023:02:17:30 +0700] "GET /robots.txt HTTP/1.1" 200 31809 "-" "Mozilla/5.0 (compatible; DotBot/1.2; +https://opensiteexplorer.org/dotbot; help@moz.com)"
216.244.66.241 - - [27/Mar/2023:02:31:03 +0700] "GET /index.php?p=show_detail&id=9 HTTP/1.1" 200 32859 "-" "Mozilla/5.0 (compatible; DotBot/1.2; +https://opensiteexplorer.org/dotbot; help@moz.com)"
216.244.66.241 - - [27/Mar/2023:02:31:41 +0700] "GET /index.php?p=show_detail&id=223 HTTP/1.1" 200 33095 "-" "Mozilla/5.0 (compatible; DotBot/1.2; +https://opensiteexplorer.org/dotbot; help@moz.com)"
216.244.66.241 - - [27/Mar/2023:02:34:40 +0700] "GET /index.php?p=show_detail&id=107 HTTP/1.1" 200 33174 "-" "Mozilla/5.0 (compatible; DotBot/1.2; +https://opensiteexplorer.org/dotbot; help@moz.com)"
216.244.66.241 - - [27/Mar/2023:02:34:45 +0700] "GET /index.php?p=show_detail&id=170 HTTP/1.1" 200 32706 "-" "Mozilla/5.0 (compatible; DotBot/1.2; +https://opensiteexplorer.org/dotbot; help@moz.com)"
216.244.66.241 - - [27/Mar/2023:02:34:48 +0700] "GET /index.php?p=show_detail&id=391 HTTP/1.1" 200 33088 "-" "Mozilla/5.0 (compatible; DotBot/1.2; +https://opensiteexplorer.org/dotbot; help@moz.com)"
216.244.66.241 - - [27/Mar/2023:02:34:51 +0700] "GET /index.php?p=show_detail&id=85 HTTP/1.1" 200 33144 "-" "Mozilla/5.0 (compatible; DotBot/1.2; +https://opensiteexplorer.org/dotbot; help@moz.com)"
185.191.171.10 - - [27/Mar/2023:02:36:37 +0700] "GET /index.php?id=144&keywords&p=show_detail HTTP/1.1" 200 7998 "-" "Mozilla/5.0 (compatible; SemrushBot/7~bl; +http://www.semrush.com/bot.html)"
216.244.66.241 - - [27/Mar/2023:02:38:32 +0700] "GET /index.php?p=show_detail&id=60 HTTP/1.1" 200 33437 "-" "Mozilla/5.0 (compatible; DotBot/1.2; +https://opensiteexplorer.org/dotbot; help@moz.com)"
207.46.13.223 - - [27/Mar/2023:02:39:06 +0700] "GET /index.php/web/cari_anggota1/index.php?p=show_detail&id=83 HTTP/1.1" 200 8106 "-" "Mozilla/5.0 AppleWebKit/537.36 (KHTML, like Gecko; compatible; bingbot/2.0; +http://www.bing.com/bingbot.htm) Chrome/103.0.5060.134 Safari/537.36"
216.244.66.241 - - [27/Mar/2023:02:39:30 +0700] "GET /index.php?p=show_detail&id=134 HTTP/1.1" 200 36628 "-" "Mozilla/5.0 (compatible; DotBot/1.2; +https://opensiteexplorer.org/dotbot; help@moz.com)"
216.244.66.241 - - [27/Mar/2023:02:39:32 +0700] "GET /index.php?p=show_detail&id=204 HTTP/1.1" 200 32930 "-" "Mozilla/5.0 (compatible; DotBot/1.2; +https://opensiteexplorer.org/dotbot; help@moz.com)"
185.191.171.25 - - [27/Mar/2023:02:47:53 +0700] "GET /index.php?id=165&keywords&p=show_detail HTTP/1.1" 200 7819 "-" "Mozilla/5.0 (compatible; SemrushBot/7~bl; +http://www.semrush.com/bot.html)"
185.191.171.26 - - [27/Mar/2023:02:50:20 +0700] "GET /index.php?author=Bediuzzaman%2BSaid%2BNursi&search=Search HTTP/1.1" 200 7658 "-" "Mozilla/5.0 (compatible; SemrushBot/7~bl; +http://www.semrush.com/bot.html)"
216.244.66.241 - - [27/Mar/2023:03:14:39 +0700] "GET /robots.txt HTTP/1.1" 200 31809 "-" "Mozilla/5.0 (compatible; DotBot/1.2; +https://opensiteexplorer.org/dotbot; help@moz.com)"
216.244.66.241 - - [27/Mar/2023:03:14:39 +0700] "GET /robots.txt HTTP/1.1" 200 31793 "-" "Mozilla/5.0 (compatible; DotBot/1.2; +https://opensiteexplorer.org/dotbot; help@moz.com)"
216.244.66.241 - - [27/Mar/2023:03:24:20 +0700] "GET /index.php?author=Drs.+Nurana&search=Search HTTP/1.1" 200 33161 "-" "Mozilla/5.0 (compatible; DotBot/1.2; +https://opensiteexplorer.org/dotbot; help@moz.com)"
216.244.66.241 - - [27/Mar/2023:03:26:17 +0700] "GET /index.php?p=show_detail&id=153 HTTP/1.1" 200 32666 "-" "Mozilla/5.0 (compatible; DotBot/1.2; +https://opensiteexplorer.org/dotbot; help@moz.com)"
216.244.66.241 - - [27/Mar/2023:03:30:45 +0700] "GET /index.php?p=show_detail&id=12 HTTP/1.1" 200 34170 "-" "Mozilla/5.0 (compatible; DotBot/1.2; +https://opensiteexplorer.org/dotbot; help@moz.com)"
216.244.66.241 - - [27/Mar/2023:03:30:50 +0700] "GET /index.php?p=show_detail&id=338 HTTP/1.1" 200 32822 "-" "Mozilla/5.0 (compatible; DotBot/1.2; +https://opensiteexplorer.org/dotbot; help@moz.com)"
216.244.66.241 - - [27/Mar/2023:03:38:50 +0700] "GET /index.php?p=show_detail&id=61&keywords= HTTP/1.1" 200 33477 "-" "Mozilla/5.0 (compatible; DotBot/1.2; +https://opensiteexplorer.org/dotbot; help@moz.com)"
185.191.171.39 - - [27/Mar/2023:03:45:52 +0700] "GET /robots.txt HTTP/1.1" 200 7699 "-" "Mozilla/5.0 (compatible; SemrushBot/7~bl; +http://www.semrush.com/bot.html)"
185.191.171.7 - - [27/Mar/2023:03:45:53 +0700] "GET /index.php?id=395&p=show_detail HTTP/1.1" 200 8031 "-" "Mozilla/5.0 (compatible; SemrushBot/7~bl; +http://www.semrush.com/bot.html)"
216.244.66.241 - - [27/Mar/2023:04:11:04 +0700] "GET /robots.txt HTTP/1.1" 200 31793 "-" "Mozilla/5.0 (compatible; DotBot/1.2; +https://opensiteexplorer.org/dotbot; help@moz.com)"
216.244.66.241 - - [27/Mar/2023:04:11:03 +0700] "GET /robots.txt HTTP/1.1" 200 31809 "-" "Mozilla/5.0 (compatible; DotBot/1.2; +https://opensiteexplorer.org/dotbot; help@moz.com)"
216.244.66.241 - - [27/Mar/2023:04:17:11 +0700] "GET /index.php?p=show_detail&id=193 HTTP/1.1" 200 32947 "-" "Mozilla/5.0 (compatible; DotBot/1.2; +https://opensiteexplorer.org/dotbot; help@moz.com)"
216.244.66.241 - - [27/Mar/2023:04:18:02 +0700] "GET /images/default/logo.png HTTP/1.1" 200 467445 "-" "Mozilla/5.0 (compatible; DotBot/1.2; +https://opensiteexplorer.org/dotbot; help@moz.com)"
216.244.66.241 - - [27/Mar/2023:04:20:38 +0700] "GET /index.php?p=show_detail&id=333 HTTP/1.1" 200 33101 "-" "Mozilla/5.0 (compatible; DotBot/1.2; +https://opensiteexplorer.org/dotbot; help@moz.com)"
216.244.66.241 - - [27/Mar/2023:04:24:31 +0700] "GET /index.php?p=show_detail&id=322 HTTP/1.1" 200 32739 "-" "Mozilla/5.0 (compatible; DotBot/1.2; +https://opensiteexplorer.org/dotbot; help@moz.com)"
216.244.66.241 - - [27/Mar/2023:04:27:01 +0700] "GET /index.php?p=cite&id=31&keywords= HTTP/1.1" 200 544 "-" "Mozilla/5.0 (compatible; DotBot/1.2; +https://opensiteexplorer.org/dotbot; help@moz.com)"
216.244.66.241 - - [27/Mar/2023:04:29:02 +0700] "GET /index.php?p=show_detail&id=16&keywords= HTTP/1.1" 200 33566 "-" "Mozilla/5.0 (compatible; DotBot/1.2; +https://opensiteexplorer.org/dotbot; help@moz.com)"
216.244.66.241 - - [27/Mar/2023:04:29:24 +0700] "GET /index.php?p=show_detail&id=96&keywords= HTTP/1.1" 200 33266 "-" "Mozilla/5.0 (compatible; DotBot/1.2; +https://opensiteexplorer.org/dotbot; help@moz.com)"
185.191.171.10 - - [27/Mar/2023:04:34:33 +0700] "GET /index.php?author=%22Fidelis%2BE.%2BWaruwu%22&search=Search HTTP/1.1" 200 8338 "-" "Mozilla/5.0 (compatible; SemrushBot/7~bl; +http://www.semrush.com/bot.html)"
216.244.66.241 - - [27/Mar/2023:05:05:58 +0700] "GET /robots.txt HTTP/1.1" 200 31809 "-" "Mozilla/5.0 (compatible; DotBot/1.2; +https://opensiteexplorer.org/dotbot; help@moz.com)"
185.191.171.18 - - [27/Mar/2023:05:11:46 +0700] "GET /robots.txt HTTP/1.1" 200 7697 "-" "Mozilla/5.0 (compatible; SemrushBot/7~bl; +http://www.semrush.com/bot.html)"
185.191.171.43 - - [27/Mar/2023:05:11:47 +0700] "GET /index.php?author=%22Hari%2Bwaluyo%22&search=Search HTTP/1.1" 200 8364 "-" "Mozilla/5.0 (compatible; SemrushBot/7~bl; +http://www.semrush.com/bot.html)"
216.244.66.241 - - [27/Mar/2023:05:13:16 +0700] "GET /index.php?author=%22Juju+Suryawati%22&search=Search HTTP/1.1" 200 48296 "-" "Mozilla/5.0 (compatible; DotBot/1.2; +https://opensiteexplorer.org/dotbot; help@moz.com)"
216.244.66.241 - - [27/Mar/2023:05:15:08 +0700] "GET /index.php?p=show_detail&id=100 HTTP/1.1" 200 32750 "-" "Mozilla/5.0 (compatible; DotBot/1.2; +https://opensiteexplorer.org/dotbot; help@moz.com)"
216.244.66.241 - - [27/Mar/2023:05:20:01 +0700] "GET /index.php?author=%22Monty+P.+Satiadarma%22&search=Search HTTP/1.1" 200 38021 "-" "Mozilla/5.0 (compatible; DotBot/1.2; +https://opensiteexplorer.org/dotbot; help@moz.com)"
216.244.66.241 - - [27/Mar/2023:05:22:29 +0700] "GET /index.php?p=show_detail&id=24&keywords= HTTP/1.1" 200 33427 "-" "Mozilla/5.0 (compatible; DotBot/1.2; +https://opensiteexplorer.org/dotbot; help@moz.com)"
216.244.66.241 - - [27/Mar/2023:05:22:35 +0700] "GET /index.php?p=show_detail&id=330&keywords= HTTP/1.1" 200 33343 "-" "Mozilla/5.0 (compatible; DotBot/1.2; +https://opensiteexplorer.org/dotbot; help@moz.com)"
185.191.171.22 - - [27/Mar/2023:05:39:46 +0700] "GET /index.php?author=Luthfi%2BYansyah&search=Search HTTP/1.1" 200 8296 "-" "Mozilla/5.0 (compatible; SemrushBot/7~bl; +http://www.semrush.com/bot.html)"
185.191.171.8 - - [27/Mar/2023:05:41:16 +0700] "GET /index.php?id=360&keywords&p=show_detail HTTP/1.1" 200 7922 "-" "Mozilla/5.0 (compatible; SemrushBot/7~bl; +http://www.semrush.com/bot.html)"
185.191.171.10 - - [27/Mar/2023:05:48:54 +0700] "GET /index.php?author=Fajria%2BNovari%2BManan&search=Search HTTP/1.1" 200 8284 "-" "Mozilla/5.0 (compatible; SemrushBot/7~bl; +http://www.semrush.com/bot.html)"
216.244.66.241 - - [27/Mar/2023:05:59:48 +0700] "GET /robots.txt HTTP/1.1" 200 31809 "-" "Mozilla/5.0 (compatible; DotBot/1.2; +https://opensiteexplorer.org/dotbot; help@moz.com)"
216.244.66.241 - - [27/Mar/2023:06:07:06 +0700] "GET /index.php?p=show_detail&id=15 HTTP/1.1" 200 33777 "-" "Mozilla/5.0 (compatible; DotBot/1.2; +https://opensiteexplorer.org/dotbot; help@moz.com)"
216.244.66.241 - - [27/Mar/2023:06:09:04 +0700] "GET /index.php?p=show_detail&id=305 HTTP/1.1" 200 32994 "-" "Mozilla/5.0 (compatible; DotBot/1.2; +https://opensiteexplorer.org/dotbot; help@moz.com)"
216.244.66.241 - - [27/Mar/2023:06:10:31 +0700] "GET /index.php?p=cite&id=38&keywords= HTTP/1.1" 200 546 "-" "Mozilla/5.0 (compatible; DotBot/1.2; +https://opensiteexplorer.org/dotbot; help@moz.com)"
216.244.66.241 - - [27/Mar/2023:06:11:28 +0700] "GET /index.php?author=Dr.Erhans&search=Search HTTP/1.1" 200 35398 "-" "Mozilla/5.0 (compatible; DotBot/1.2; +https://opensiteexplorer.org/dotbot; help@moz.com)"
216.244.66.241 - - [27/Mar/2023:06:13:50 +0700] "GET /index.php?author=DR.+Soedijarto%2C+M.A&search=Search HTTP/1.1" 200 33380 "-" "Mozilla/5.0 (compatible; DotBot/1.2; +https://opensiteexplorer.org/dotbot; help@moz.com)"
216.244.66.241 - - [27/Mar/2023:06:13:54 +0700] "GET /index.php?author=Ir.+Yuniar+Supardi&search=Search HTTP/1.1" 200 33225 "-" "Mozilla/5.0 (compatible; DotBot/1.2; +https://opensiteexplorer.org/dotbot; help@moz.com)"
216.244.66.241 - - [27/Mar/2023:06:15:06 +0700] "GET /index.php?author=%22Mulyadhi+Kartanegara%22&search=Search HTTP/1.1" 200 35462 "-" "Mozilla/5.0 (compatible; DotBot/1.2; +https://opensiteexplorer.org/dotbot; help@moz.com)"
216.244.66.241 - - [27/Mar/2023:06:15:10 +0700] "GET /index.php?p=cite&id=305&keywords= HTTP/1.1" 200 545 "-" "Mozilla/5.0 (compatible; DotBot/1.2; +https://opensiteexplorer.org/dotbot; help@moz.com)"
185.191.171.20 - - [27/Mar/2023:06:35:12 +0700] "GET /robots.txt HTTP/1.1" 200 7699 "-" "Mozilla/5.0 (compatible; SemrushBot/7~bl; +http://www.semrush.com/bot.html)"
185.191.171.41 - - [27/Mar/2023:06:35:13 +0700] "GET /index.php?author=Sadi%2BH.M.Nasikin&search=Search HTTP/1.1" 200 8318 "-" "Mozilla/5.0 (compatible; SemrushBot/7~bl; +http://www.semrush.com/bot.html)"
185.191.171.38 - - [27/Mar/2023:06:43:08 +0700] "GET /index.php?author=%22Davis%2BJ.%2BLieberman%2C%2BPH.D%22&search=Search HTTP/1.1" 200 8319 "-" "Mozilla/5.0 (compatible; SemrushBot/7~bl; +http://www.semrush.com/bot.html)"
207.46.13.209 - - [27/Mar/2023:06:48:26 +0700] "GET /index.php/web/cari_anggota1/index.php?p=show_detail&id=72 HTTP/1.1" 200 8135 "-" "Mozilla/5.0 AppleWebKit/537.36 (KHTML, like Gecko; compatible; bingbot/2.0; +http://www.bing.com/bingbot.htm) Chrome/103.0.5060.134 Safari/537.36"
216.244.66.241 - - [27/Mar/2023:06:54:17 +0700] "GET /robots.txt HTTP/1.1" 200 31809 "-" "Mozilla/5.0 (compatible; DotBot/1.2; +https://opensiteexplorer.org/dotbot; help@moz.com)"
216.244.66.241 - - [27/Mar/2023:07:00:36 +0700] "GET /index.php?p=show_detail&id=173 HTTP/1.1" 200 33805 "-" "Mozilla/5.0 (compatible; DotBot/1.2; +https://opensiteexplorer.org/dotbot; help@moz.com)"
185.191.171.3 - - [27/Mar/2023:07:02:36 +0700] "GET /index.php?author=%22Ratih%2BKusuma%2BInten%2BPamastri%2C%2BS.Sos%22&search=Search HTTP/1.1" 200 8398 "-" "Mozilla/5.0 (compatible; SemrushBot/7~bl; +http://www.semrush.com/bot.html)"
216.244.66.241 - - [27/Mar/2023:07:03:09 +0700] "GET /index.php?p=cite&id=215&keywords= HTTP/1.1" 200 544 "-" "Mozilla/5.0 (compatible; DotBot/1.2; +https://opensiteexplorer.org/dotbot; help@moz.com)"
216.244.66.241 - - [27/Mar/2023:07:03:48 +0700] "GET /index.php?author=%22J.+Subroto%22&search=Search HTTP/1.1" 200 35583 "-" "Mozilla/5.0 (compatible; DotBot/1.2; +https://opensiteexplorer.org/dotbot; help@moz.com)"
216.244.66.241 - - [27/Mar/2023:07:05:30 +0700] "GET /index.php?p=cite&id=213&keywords= HTTP/1.1" 200 1989 "-" "Mozilla/5.0 (compatible; DotBot/1.2; +https://opensiteexplorer.org/dotbot; help@moz.com)"
216.244.66.241 - - [27/Mar/2023:07:06:25 +0700] "GET /index.php?author=Budi+Utomo&search=Search HTTP/1.1" 200 35450 "-" "Mozilla/5.0 (compatible; DotBot/1.2; +https://opensiteexplorer.org/dotbot; help@moz.com)"
216.244.66.241 - - [27/Mar/2023:07:09:56 +0700] "GET /index.php?p=cite&id=147&keywords= HTTP/1.1" 200 544 "-" "Mozilla/5.0 (compatible; DotBot/1.2; +https://opensiteexplorer.org/dotbot; help@moz.com)"
216.244.66.241 - - [27/Mar/2023:07:09:59 +0700] "GET /index.php?p=cite&id=341&keywords= HTTP/1.1" 200 2557 "-" "Mozilla/5.0 (compatible; DotBot/1.2; +https://opensiteexplorer.org/dotbot; help@moz.com)"
216.244.66.241 - - [27/Mar/2023:07:11:19 +0700] "GET /index.php?author=%22P.C.+Hadiprastowo%2C+S.H.%22&search=Search HTTP/1.1" 200 35566 "-" "Mozilla/5.0 (compatible; DotBot/1.2; +https://opensiteexplorer.org/dotbot; help@moz.com)"
185.191.171.26 - - [27/Mar/2023:07:20:58 +0700] "GET /index.php?author=Dr.%2BMichael%2BS.%2BBroder&search=Search HTTP/1.1" 200 7636 "-" "Mozilla/5.0 (compatible; SemrushBot/7~bl; +http://www.semrush.com/bot.html)"
185.191.171.33 - - [27/Mar/2023:07:41:26 +0700] "GET /robots.txt HTTP/1.1" 200 7605 "-" "Mozilla/5.0 (compatible; SemrushBot/7~bl; +http://www.semrush.com/bot.html)"
185.191.171.15 - - [27/Mar/2023:07:41:27 +0700] "GET /index.php?author=Imam%2BRatrioso&search=Search HTTP/1.1" 200 8300 "-" "Mozilla/5.0 (compatible; SemrushBot/7~bl; +http://www.semrush.com/bot.html)"
216.244.66.241 - - [27/Mar/2023:07:48:37 +0700] "GET /robots.txt HTTP/1.1" 200 31809 "-" "Mozilla/5.0 (compatible; DotBot/1.2; +https://opensiteexplorer.org/dotbot; help@moz.com)"
185.191.171.10 - - [27/Mar/2023:07:51:46 +0700] "GET /index.php?author=%22DR.%2BH.%2BM.%2BATHO%2BMUDZHAR%22&search=Search HTTP/1.1" 200 8290 "-" "Mozilla/5.0 (compatible; SemrushBot/7~bl; +http://www.semrush.com/bot.html)"
216.244.66.241 - - [27/Mar/2023:07:53:29 +0700] "GET /index.php?p=show_detail&id=323 HTTP/1.1" 200 33264 "-" "Mozilla/5.0 (compatible; DotBot/1.2; +https://opensiteexplorer.org/dotbot; help@moz.com)"
216.244.66.241 - - [27/Mar/2023:07:55:12 +0700] "GET /index.php?p=show_detail&id=150 HTTP/1.1" 200 32990 "-" "Mozilla/5.0 (compatible; DotBot/1.2; +https://opensiteexplorer.org/dotbot; help@moz.com)"
185.191.171.9 - - [27/Mar/2023:07:55:27 +0700] "GET /index.php?author=Haris%2Bsupriansyah&search=Search HTTP/1.1" 200 8383 "-" "Mozilla/5.0 (compatible; SemrushBot/7~bl; +http://www.semrush.com/bot.html)"
216.244.66.241 - - [27/Mar/2023:07:58:22 +0700] "GET /index.php?p=show_detail&id=180 HTTP/1.1" 200 32981 "-" "Mozilla/5.0 (compatible; DotBot/1.2; +https://opensiteexplorer.org/dotbot; help@moz.com)"
216.244.66.241 - - [27/Mar/2023:08:00:05 +0700] "GET /index.php?author=%22JALALUDIN+RAKHMAT%22&search=Search HTTP/1.1" 200 35710 "-" "Mozilla/5.0 (compatible; DotBot/1.2; +https://opensiteexplorer.org/dotbot; help@moz.com)"
216.244.66.241 - - [27/Mar/2023:08:02:36 +0700] "GET /index.php?author=Luthfi+Yansyah&search=Search HTTP/1.1" 200 35628 "-" "Mozilla/5.0 (compatible; DotBot/1.2; +https://opensiteexplorer.org/dotbot; help@moz.com)"
216.244.66.241 - - [27/Mar/2023:08:02:40 +0700] "GET /index.php?p=show_detail&id=32&keywords= HTTP/1.1" 200 33212 "-" "Mozilla/5.0 (compatible; DotBot/1.2; +https://opensiteexplorer.org/dotbot; help@moz.com)"
216.244.66.241 - - [27/Mar/2023:08:03:54 +0700] "GET /index.php?author=%22Dr.+Moh.+Surya%22&search=Search HTTP/1.1" 200 35468 "-" "Mozilla/5.0 (compatible; DotBot/1.2; +https://opensiteexplorer.org/dotbot; help@moz.com)"
185.191.171.18 - - [27/Mar/2023:08:05:11 +0700] "GET /index.php?id=393&keywords&p=show_detail HTTP/1.1" 200 8000 "-" "Mozilla/5.0 (compatible; SemrushBot/7~bl; +http://www.semrush.com/bot.html)"
216.244.66.241 - - [27/Mar/2023:08:05:23 +0700] "GET /index.php?author=%22Haris+supriansyah%22&search=Search HTTP/1.1" 200 35487 "-" "Mozilla/5.0 (compatible; DotBot/1.2; +https://opensiteexplorer.org/dotbot; help@moz.com)"
216.244.66.241 - - [27/Mar/2023:08:05:27 +0700] "GET /index.php?p=cite&id=326&keywords= HTTP/1.1" 200 549 "-" "Mozilla/5.0 (compatible; DotBot/1.2; +https://opensiteexplorer.org/dotbot; help@moz.com)"
185.191.171.24 - - [27/Mar/2023:08:09:06 +0700] "GET /index.php?author=Garda%2BMaeswara&search=Search HTTP/1.1" 200 8305 "-" "Mozilla/5.0 (compatible; SemrushBot/7~bl; +http://www.semrush.com/bot.html)"
66.249.71.168 - - [27/Mar/2023:08:10:56 +0700] "GET /robots.txt HTTP/1.1" 200 7239 "-" "Mozilla/5.0 (compatible; Googlebot/2.1; +http://www.google.com/bot.html)"
66.249.70.170 - - [27/Mar/2023:08:10:57 +0700] "GET / HTTP/1.1" 200 7208 "-" "Mozilla/5.0 (Linux; Android 6.0.1; Nexus 5X Build/MMB29P) AppleWebKit/537.36 (KHTML, like Gecko) Chrome/111.0.5563.64 Mobile Safari/537.36 (compatible; Googlebot/2.1; +http://www.google.com/bot.html)"
66.249.71.170 - - [27/Mar/2023:08:11:10 +0700] "GET /js/toastr/toastr.min.css?31081057 HTTP/1.1" 200 3139 "http://perpus.sman4tangerang.sch.id/" "Mozilla/5.0 (Linux; Android 6.0.1; Nexus 5X Build/MMB29P) AppleWebKit/537.36 (KHTML, like Gecko) Chrome/111.0.5563.64 Mobile Safari/537.36 (compatible; Googlebot/2.1; +http://www.google.com/bot.html)"
66.249.70.166 - - [27/Mar/2023:08:11:10 +0700] "GET /template/default/assets/css/style.css?v=20230327-081057 HTTP/1.1" 200 3983 "http://perpus.sman4tangerang.sch.id/" "Mozilla/5.0 (Linux; Android 6.0.1; Nexus 5X Build/MMB29P) AppleWebKit/537.36 (KHTML, like Gecko) Chrome/111.0.5563.64 Mobile Safari/537.36 (compatible; Googlebot/2.1; +http://www.google.com/bot.html)"
66.249.70.168 - - [27/Mar/2023:08:11:11 +0700] "GET /template/default/assets/js/app.js?v=20230327-081057 HTTP/1.1" 200 2704 "http://perpus.sman4tangerang.sch.id/" "Mozilla/5.0 (Linux; Android 6.0.1; Nexus 5X Build/MMB29P) AppleWebKit/537.36 (KHTML, like Gecko) Chrome/111.0.5563.64 Mobile Safari/537.36 (compatible; Googlebot/2.1; +http://www.google.com/bot.html)"
66.249.70.170 - - [27/Mar/2023:08:11:11 +0700] "GET /template/default/assets/js/app_jquery.js?v=20230327-081057 HTTP/1.1" 200 1258 "http://perpus.sman4tangerang.sch.id/" "Mozilla/5.0 (Linux; Android 6.0.1; Nexus 5X Build/MMB29P) AppleWebKit/537.36 (KHTML, like Gecko) Chrome/111.0.5563.64 Mobile Safari/537.36 (compatible; Googlebot/2.1; +http://www.google.com/bot.html)"
66.249.71.200 - - [27/Mar/2023:08:11:11 +0700] "GET /index.php?p=api/biblio/popular HTTP/1.1" 200 812 "http://perpus.sman4tangerang.sch.id/" "Mozilla/5.0 (Linux; Android 6.0.1; Nexus 5X Build/MMB29P) AppleWebKit/537.36 (KHTML, like Gecko) Chrome/111.0.5563.64 Mobile Safari/537.36 (compatible; Googlebot/2.1; +http://www.google.com/bot.html)"
66.249.71.166 - - [27/Mar/2023:08:11:11 +0700] "GET /index.php?p=api/biblio/latest HTTP/1.1" 200 812 "http://perpus.sman4tangerang.sch.id/" "Mozilla/5.0 (Linux; Android 6.0.1; Nexus 5X Build/MMB29P) AppleWebKit/537.36 (KHTML, like Gecko) Chrome/111.0.5563.64 Mobile Safari/537.36 (compatible; Googlebot/2.1; +http://www.google.com/bot.html)"
66.249.71.170 - - [27/Mar/2023:08:11:11 +0700] "GET /index.php?p=api/subject/latest HTTP/1.1" 200 442 "http://perpus.sman4tangerang.sch.id/" "Mozilla/5.0 (Linux; Android 6.0.1; Nexus 5X Build/MMB29P) AppleWebKit/537.36 (KHTML, like Gecko) Chrome/111.0.5563.64 Mobile Safari/537.36 (compatible; Googlebot/2.1; +http://www.google.com/bot.html)"
66.249.70.170 - - [27/Mar/2023:08:11:12 +0700] "GET /index.php?p=api/member/top HTTP/1.1" 200 442 "http://perpus.sman4tangerang.sch.id/" "Mozilla/5.0 (Linux; Android 6.0.1; Nexus 5X Build/MMB29P) AppleWebKit/537.36 (KHTML, like Gecko) Chrome/111.0.5563.64 Mobile Safari/537.36 (compatible; Googlebot/2.1; +http://www.google.com/bot.html)"
66.249.70.170 - - [27/Mar/2023:08:11:12 +0700] "GET /index.php?p=api/subject/popular HTTP/1.1" 200 442 "http://perpus.sman4tangerang.sch.id/" "Mozilla/5.0 (Linux; Android 6.0.1; Nexus 5X Build/MMB29P) AppleWebKit/537.36 (KHTML, like Gecko) Chrome/111.0.5563.64 Mobile Safari/537.36 (compatible; Googlebot/2.1; +http://www.google.com/bot.html)"
185.191.171.16 - - [27/Mar/2023:08:43:05 +0700] "GET /robots.txt HTTP/1.1" 200 7698 "-" "Mozilla/5.0 (compatible; SemrushBot/7~bl; +http://www.semrush.com/bot.html)"
185.191.171.8 - - [27/Mar/2023:08:43:06 +0700] "GET /index.php?author=Paul%2BHirst&search=Search HTTP/1.1" 200 8289 "-" "Mozilla/5.0 (compatible; SemrushBot/7~bl; +http://www.semrush.com/bot.html)"
216.244.66.241 - - [27/Mar/2023:08:43:48 +0700] "GET /robots.txt HTTP/1.1" 200 31793 "-" "Mozilla/5.0 (compatible; DotBot/1.2; +https://opensiteexplorer.org/dotbot; help@moz.com)"
216.244.66.241 - - [27/Mar/2023:08:43:50 +0700] "GET /robots.txt HTTP/1.1" 200 31793 "-" "Mozilla/5.0 (compatible; DotBot/1.2; +https://opensiteexplorer.org/dotbot; help@moz.com)"
216.244.66.241 - - [27/Mar/2023:08:50:02 +0700] "GET /index.php?p=show_detail&id=151 HTTP/1.1" 200 32865 "-" "Mozilla/5.0 (compatible; DotBot/1.2; +https://opensiteexplorer.org/dotbot; help@moz.com)"
216.244.66.241 - - [27/Mar/2023:08:50:07 +0700] "GET /index.php?p=show_detail&id=324 HTTP/1.1" 200 33209 "-" "Mozilla/5.0 (compatible; DotBot/1.2; +https://opensiteexplorer.org/dotbot; help@moz.com)"
185.191.171.38 - - [27/Mar/2023:08:51:07 +0700] "GET /index.php?author=Rustica%2BC.%2BCarpio%2C%2BPh.D&search=Search HTTP/1.1" 200 7673 "-" "Mozilla/5.0 (compatible; SemrushBot/7~bl; +http://www.semrush.com/bot.html)"
216.244.66.241 - - [27/Mar/2023:08:51:16 +0700] "GET /index.php?p=show_detail&id=171&keywords= HTTP/1.1" 200 32981 "-" "Mozilla/5.0 (compatible; DotBot/1.2; +https://opensiteexplorer.org/dotbot; help@moz.com)"
216.244.66.241 - - [27/Mar/2023:08:51:34 +0700] "GET /index.php?p=show_detail&id=317 HTTP/1.1" 200 32792 "-" "Mozilla/5.0 (compatible; DotBot/1.2; +https://opensiteexplorer.org/dotbot; help@moz.com)"
216.244.66.241 - - [27/Mar/2023:08:52:42 +0700] "GET /index.php?p=show_detail&id=391 HTTP/1.1" 200 33072 "-" "Mozilla/5.0 (compatible; DotBot/1.2; +https://opensiteexplorer.org/dotbot; help@moz.com)"
216.244.66.241 - - [27/Mar/2023:08:53:28 +0700] "GET /index.php?author=%22William+A.+Haviland%22&search=Search HTTP/1.1" 200 35437 "-" "Mozilla/5.0 (compatible; DotBot/1.2; +https://opensiteexplorer.org/dotbot; help@moz.com)"
216.244.66.241 - - [27/Mar/2023:08:57:15 +0700] "GET /index.php?author=%22Drs.+Yanto+Kasyanto%22&search=Search HTTP/1.1" 200 37997 "-" "Mozilla/5.0 (compatible; DotBot/1.2; +https://opensiteexplorer.org/dotbot; help@moz.com)"
216.244.66.241 - - [27/Mar/2023:08:57:19 +0700] "GET /index.php?p=cite&id=68&keywords= HTTP/1.1" 200 543 "-" "Mozilla/5.0 (compatible; DotBot/1.2; +https://opensiteexplorer.org/dotbot; help@moz.com)"
216.244.66.241 - - [27/Mar/2023:09:00:54 +0700] "GET /index.php?author=%22Drs.+Moh.+As%27ad%2C+S.U.+Psi%2C%22&search=Search HTTP/1.1" 200 33509 "-" "Mozilla/5.0 (compatible; DotBot/1.2; +https://opensiteexplorer.org/dotbot; help@moz.com)"
216.244.66.241 - - [27/Mar/2023:09:00:57 +0700] "GET /index.php?p=show_detail&id=158&keywords= HTTP/1.1" 200 33945 "-" "Mozilla/5.0 (compatible; DotBot/1.2; +https://opensiteexplorer.org/dotbot; help@moz.com)"
185.191.171.7 - - [27/Mar/2023:09:04:16 +0700] "GET /index.php?author=Ayu%2BLarasati&search=Search HTTP/1.1" 200 7648 "-" "Mozilla/5.0 (compatible; SemrushBot/7~bl; +http://www.semrush.com/bot.html)"
185.191.171.12 - - [27/Mar/2023:09:13:54 +0700] "GET /index.php?callnumber=3&page=9&search=search HTTP/1.1" 200 10124 "-" "Mozilla/5.0 (compatible; SemrushBot/7~bl; +http://www.semrush.com/bot.html)"
185.191.171.11 - - [27/Mar/2023:09:15:22 +0700] "GET /index.php?author=%22Dr.%2BSentosa%2BSembiring%2BSH%2C%2BM.H%22&search=Search HTTP/1.1" 200 8464 "-" "Mozilla/5.0 (compatible; SemrushBot/7~bl; +http://www.semrush.com/bot.html)"
185.191.171.16 - - [27/Mar/2023:09:15:35 +0700] "GET /index.php?author=Ade%2BRakhma%2BNovita%2BSari&search=Search HTTP/1.1" 200 7590 "-" "Mozilla/5.0 (compatible; SemrushBot/7~bl; +http://www.semrush.com/bot.html)"
66.249.70.170 - - [27/Mar/2023:09:18:24 +0700] "GET /robots.txt HTTP/1.1" 200 7239 "-" "Mozilla/5.0 (compatible; Googlebot/2.1; +http://www.google.com/bot.html)"
66.249.70.168 - - [27/Mar/2023:09:18:24 +0700] "GET /lib/minigalnano/createthumb.php?filename=..%2F..%2Fimages%2Fdocs%2Fbuku20210712_Membuka_Pintu_Rahmat_dengan_Dzkir_Munajat.jpg.jpg&width=120 HTTP/1.1" 200 7633 "-" "Googlebot-Image/1.0"
66.249.71.42 - - [27/Mar/2023:09:23:05 +0700] "GET /lib/minigalnano/createthumb.php?filename=..%2F..%2Fimages%2Fdocs%2Fbuku20210622_Dengarkan_Suara_Hati.jpg.jpg&width=120 HTTP/1.1" 200 9249 "-" "Googlebot-Image/1.0"
185.191.171.44 - - [27/Mar/2023:09:27:04 +0700] "GET /index.php?id=381&keywords&p=show_detail HTTP/1.1" 200 8034 "-" "Mozilla/5.0 (compatible; SemrushBot/7~bl; +http://www.semrush.com/bot.html)"
216.244.66.241 - - [27/Mar/2023:09:39:23 +0700] "GET /robots.txt HTTP/1.1" 200 31809 "-" "Mozilla/5.0 (compatible; DotBot/1.2; +https://opensiteexplorer.org/dotbot; help@moz.com)"
185.191.171.25 - - [27/Mar/2023:09:39:32 +0700] "GET /index.php?id=240&p=show_detail HTTP/1.1" 200 7913 "-" "Mozilla/5.0 (compatible; SemrushBot/7~bl; +http://www.semrush.com/bot.html)"
185.191.171.9 - - [27/Mar/2023:09:49:42 +0700] "GET /robots.txt HTTP/1.1" 200 7698 "-" "Mozilla/5.0 (compatible; SemrushBot/7~bl; +http://www.semrush.com/bot.html)"
185.191.171.20 - - [27/Mar/2023:09:49:43 +0700] "GET /index.php?id=226&p=show_detail HTTP/1.1" 200 7994 "-" "Mozilla/5.0 (compatible; SemrushBot/7~bl; +http://www.semrush.com/bot.html)"
216.244.66.241 - - [27/Mar/2023:09:51:49 +0700] "GET /index.php?author=%22Rober+Klitgaard%22&search=Search HTTP/1.1" 200 35389 "-" "Mozilla/5.0 (compatible; DotBot/1.2; +https://opensiteexplorer.org/dotbot; help@moz.com)"
216.244.66.241 - - [27/Mar/2023:09:53:34 +0700] "GET /index.php?author=%22Rudi+Syahabuddin%22&search=Search HTTP/1.1" 200 35856 "-" "Mozilla/5.0 (compatible; DotBot/1.2; +https://opensiteexplorer.org/dotbot; help@moz.com)"
216.244.66.241 - - [27/Mar/2023:09:53:40 +0700] "GET /index.php?author=DR.+H.+M.+ATHO+MUDZHAR&search=Search HTTP/1.1" 200 33292 "-" "Mozilla/5.0 (compatible; DotBot/1.2; +https://opensiteexplorer.org/dotbot; help@moz.com)"
185.191.171.39 - - [27/Mar/2023:09:55:15 +0700] "GET /index.php?author=%22Drs.%2BKha.%2BSyamsur%2BSiddiq%22&search=Search HTTP/1.1" 200 8289 "-" "Mozilla/5.0 (compatible; SemrushBot/7~bl; +http://www.semrush.com/bot.html)"
216.244.66.241 - - [27/Mar/2023:09:55:31 +0700] "GET /index.php?author=Dr.+Agus+Abdul+Rahman%2C+M.Psi.&search=Search HTTP/1.1" 200 33101 "-" "Mozilla/5.0 (compatible; DotBot/1.2; +https://opensiteexplorer.org/dotbot; help@moz.com)"
185.191.171.43 - - [27/Mar/2023:10:00:48 +0700] "GET /index.php?id=346&keywords&p=show_detail HTTP/1.1" 200 7896 "-" "Mozilla/5.0 (compatible; SemrushBot/7~bl; +http://www.semrush.com/bot.html)"
114.119.146.12 - - [27/Mar/2023:10:14:34 +0700] "GET /robots.txt HTTP/1.1" 200 7734 "-" "Mozilla/5.0 (compatible;PetalBot;+https://webmaster.petalsearch.com/site/petalbot)"
185.191.171.7 - - [27/Mar/2023:10:15:13 +0700] "GET /index.php?author=%22Yugolastarob%2BKomeini%2C%2BM.Si%22&search=Search HTTP/1.1" 200 8324 "-" "Mozilla/5.0 (compatible; SemrushBot/7~bl; +http://www.semrush.com/bot.html)"
207.46.13.223 - - [27/Mar/2023:10:16:39 +0700] "GET /index.php?p=show_detail&id=124&keywords= HTTP/1.1" 200 8140 "-" "Mozilla/5.0 AppleWebKit/537.36 (KHTML, like Gecko; compatible; bingbot/2.0; +http://www.bing.com/bingbot.htm) Chrome/103.0.5060.134 Safari/537.36"
185.191.171.5 - - [27/Mar/2023:10:16:40 +0700] "GET /index.php?author=Sanggit%2BPurnomo&search=Search HTTP/1.1" 200 8258 "-" "Mozilla/5.0 (compatible; SemrushBot/7~bl; +http://www.semrush.com/bot.html)"
185.191.171.17 - - [27/Mar/2023:10:25:32 +0700] "GET /index.php?id=392&keywords&p=show_detail HTTP/1.1" 200 7977 "-" "Mozilla/5.0 (compatible; SemrushBot/7~bl; +http://www.semrush.com/bot.html)"
185.191.171.26 - - [27/Mar/2023:10:31:44 +0700] "GET /index.php?author=Gail%2BSnyder&search=Search HTTP/1.1" 200 8343 "-" "Mozilla/5.0 (compatible; SemrushBot/7~bl; +http://www.semrush.com/bot.html)"
216.244.66.241 - - [27/Mar/2023:10:35:50 +0700] "GET /robots.txt HTTP/1.1" 200 31809 "-" "Mozilla/5.0 (compatible; DotBot/1.2; +https://opensiteexplorer.org/dotbot; help@moz.com)"
216.244.66.241 - - [27/Mar/2023:10:41:26 +0700] "GET /index.php?p=show_detail&id=188 HTTP/1.1" 200 33398 "-" "Mozilla/5.0 (compatible; DotBot/1.2; +https://opensiteexplorer.org/dotbot; help@moz.com)"
216.244.66.241 - - [27/Mar/2023:10:41:31 +0700] "GET /index.php?p=show_detail&id=64 HTTP/1.1" 200 33017 "-" "Mozilla/5.0 (compatible; DotBot/1.2; +https://opensiteexplorer.org/dotbot; help@moz.com)"
185.191.171.45 - - [27/Mar/2023:10:44:20 +0700] "GET /index.php?author=Dra.%2BHilda%2BKarli%2C%2BM.Pd&search=Search HTTP/1.1" 200 7717 "-" "Mozilla/5.0 (compatible; SemrushBot/7~bl; +http://www.semrush.com/bot.html)"
216.244.66.241 - - [27/Mar/2023:10:47:41 +0700] "GET /index.php?p=show_detail&id=31&keywords= HTTP/1.1" 200 33200 "-" "Mozilla/5.0 (compatible; DotBot/1.2; +https://opensiteexplorer.org/dotbot; help@moz.com)"
185.191.171.42 - - [27/Mar/2023:10:49:36 +0700] "GET /index.php?author=Mark%2BSommer&search=Search HTTP/1.1" 200 8262 "-" "Mozilla/5.0 (compatible; SemrushBot/7~bl; +http://www.semrush.com/bot.html)"
216.244.66.241 - - [27/Mar/2023:10:50:19 +0700] "GET /index.php?p=cite&id=102&keywords= HTTP/1.1" 200 544 "-" "Mozilla/5.0 (compatible; DotBot/1.2; +https://opensiteexplorer.org/dotbot; help@moz.com)"
216.244.66.241 - - [27/Mar/2023:10:50:23 +0700] "GET /index.php?p=cite&id=13&keywords= HTTP/1.1" 200 2137 "-" "Mozilla/5.0 (compatible; DotBot/1.2; +https://opensiteexplorer.org/dotbot; help@moz.com)"
216.244.66.241 - - [27/Mar/2023:10:50:26 +0700] "GET /index.php?p=cite&id=177&keywords= HTTP/1.1" 200 544 "-" "Mozilla/5.0 (compatible; DotBot/1.2; +https://opensiteexplorer.org/dotbot; help@moz.com)"
216.244.66.241 - - [27/Mar/2023:10:50:29 +0700] "GET /index.php?p=cite&id=181&keywords= HTTP/1.1" 200 543 "-" "Mozilla/5.0 (compatible; DotBot/1.2; +https://opensiteexplorer.org/dotbot; help@moz.com)"
66.249.71.170 - - [27/Mar/2023:10:50:30 +0700] "GET /robots.txt HTTP/1.1" 200 7238 "-" "Mozilla/5.0 (compatible; Googlebot/2.1; +http://www.google.com/bot.html)"
66.249.70.166 - - [27/Mar/2023:10:50:30 +0700] "GET /lib/minigalnano/createthumb.php?filename=..%2F..%2Fimages%2Fdocs%2FPsikologi_Sastra.jpg.jpg&width=120 HTTP/1.1" 200 7962 "-" "Googlebot-Image/1.0"
216.244.66.241 - - [27/Mar/2023:10:50:33 +0700] "GET /index.php?p=cite&id=367&keywords= HTTP/1.1" 200 543 "-" "Mozilla/5.0 (compatible; DotBot/1.2; +https://opensiteexplorer.org/dotbot; help@moz.com)"
185.191.171.7 - - [27/Mar/2023:11:09:26 +0700] "GET /robots.txt HTTP/1.1" 200 7698 "-" "Mozilla/5.0 (compatible; SemrushBot/7~bl; +http://www.semrush.com/bot.html)"
185.191.171.24 - - [27/Mar/2023:11:09:27 +0700] "GET /index.php?id=139&keywords&p=show_detail HTTP/1.1" 200 7911 "-" "Mozilla/5.0 (compatible; SemrushBot/7~bl; +http://www.semrush.com/bot.html)"
185.191.171.41 - - [27/Mar/2023:11:09:35 +0700] "GET /index.php?id=52&p=show_detail HTTP/1.1" 200 7963 "-" "Mozilla/5.0 (compatible; SemrushBot/7~bl; +http://www.semrush.com/bot.html)"
185.191.171.2 - - [27/Mar/2023:11:25:50 +0700] "GET /index.php?author=Achmad%2BFedyani%2BSaifuddin&search=Search HTTP/1.1" 200 8281 "-" "Mozilla/5.0 (compatible; SemrushBot/7~bl; +http://www.semrush.com/bot.html)"
216.244.66.241 - - [27/Mar/2023:11:30:02 +0700] "GET /robots.txt HTTP/1.1" 200 31809 "-" "Mozilla/5.0 (compatible; DotBot/1.2; +https://opensiteexplorer.org/dotbot; help@moz.com)"
216.244.66.241 - - [27/Mar/2023:11:34:28 +0700] "GET /index.php?p=show_detail&id=118 HTTP/1.1" 200 33174 "-" "Mozilla/5.0 (compatible; DotBot/1.2; +https://opensiteexplorer.org/dotbot; help@moz.com)"
66.249.70.170 - - [27/Mar/2023:11:35:10 +0700] "GET /lib/minigalnano/createthumb.php?filename=..%2F..%2Fimages%2Fdocs%2FPrivate_And_Public_Speaking.jpg.jpg&width=120 HTTP/1.1" 200 9050 "-" "Googlebot-Image/1.0"
216.244.66.241 - - [27/Mar/2023:11:35:21 +0700] "GET /index.php?p=show_detail&id=216 HTTP/1.1" 200 33087 "-" "Mozilla/5.0 (compatible; DotBot/1.2; +https://opensiteexplorer.org/dotbot; help@moz.com)"
216.244.66.241 - - [27/Mar/2023:11:35:26 +0700] "GET /index.php?p=show_detail&id=373 HTTP/1.1" 200 32945 "-" "Mozilla/5.0 (compatible; DotBot/1.2; +https://opensiteexplorer.org/dotbot; help@moz.com)"
216.244.66.241 - - [27/Mar/2023:11:38:02 +0700] "GET /index.php?p=show_detail&id=149 HTTP/1.1" 200 32906 "-" "Mozilla/5.0 (compatible; DotBot/1.2; +https://opensiteexplorer.org/dotbot; help@moz.com)"
216.244.66.241 - - [27/Mar/2023:11:40:53 +0700] "GET /index.php?p=cite&id=366&keywords= HTTP/1.1" 200 544 "-" "Mozilla/5.0 (compatible; DotBot/1.2; +https://opensiteexplorer.org/dotbot; help@moz.com)"
185.191.171.3 - - [27/Mar/2023:11:41:43 +0700] "GET /index.php?id=249&p=show_detail HTTP/1.1" 200 7869 "-" "Mozilla/5.0 (compatible; SemrushBot/7~bl; +http://www.semrush.com/bot.html)"
216.244.66.241 - - [27/Mar/2023:11:42:16 +0700] "GET /index.php?p=show_detail&id=18&keywords= HTTP/1.1" 200 33611 "-" "Mozilla/5.0 (compatible; DotBot/1.2; +https://opensiteexplorer.org/dotbot; help@moz.com)"
216.244.66.241 - - [27/Mar/2023:11:43:13 +0700] "GET /index.php?author=%22Tim+Kick+Andy%22&search=Search HTTP/1.1" 200 35443 "-" "Mozilla/5.0 (compatible; DotBot/1.2; +https://opensiteexplorer.org/dotbot; help@moz.com)"
216.244.66.241 - - [27/Mar/2023:11:43:17 +0700] "GET /index.php?author=Heni+a+Puspitosari&search=Search HTTP/1.1" 200 35486 "-" "Mozilla/5.0 (compatible; DotBot/1.2; +https://opensiteexplorer.org/dotbot; help@moz.com)"
216.244.66.241 - - [27/Mar/2023:11:44:30 +0700] "GET /index.php?author=Drs.+H.+M.+Zufran+Sabrie&search=Search HTTP/1.1" 200 33162 "-" "Mozilla/5.0 (compatible; DotBot/1.2; +https://opensiteexplorer.org/dotbot; help@moz.com)"
216.244.66.241 - - [27/Mar/2023:11:44:32 +0700] "GET /index.php?p=cite&id=78&keywords= HTTP/1.1" 200 2025 "-" "Mozilla/5.0 (compatible; DotBot/1.2; +https://opensiteexplorer.org/dotbot; help@moz.com)"
185.191.171.8 - - [27/Mar/2023:11:45:44 +0700] "GET /index.php?author=%22Dr.%2BO%2BHasbiansyah%2C%2BMsi%22&search=Search HTTP/1.1" 200 8217 "-" "Mozilla/5.0 (compatible; SemrushBot/7~bl; +http://www.semrush.com/bot.html)"
216.244.66.241 - - [27/Mar/2023:11:47:40 +0700] "GET /index.php?p=show_detail&id=200&keywords= HTTP/1.1" 200 33378 "-" "Mozilla/5.0 (compatible; DotBot/1.2; +https://opensiteexplorer.org/dotbot; help@moz.com)"
66.249.70.168 - - [27/Mar/2023:11:48:16 +0700] "GET /index.php?p=show_detail&id=146 HTTP/1.1" 200 7554 "-" "Mozilla/5.0 (compatible; Googlebot/2.1; +http://www.google.com/bot.html)"
66.249.71.40 - - [27/Mar/2023:11:48:19 +0700] "GET /template/default/assets/css/style.css?v=20230327-114816 HTTP/1.1" 200 3983 "http://perpus.sman4tangerang.sch.id/index.php?p=show_detail&id=146" "Mozilla/5.0 AppleWebKit/537.36 (KHTML, like Gecko; compatible; Googlebot/2.1; +http://www.google.com/bot.html) Chrome/111.0.5563.64 Safari/537.36"
66.249.71.40 - - [27/Mar/2023:11:48:19 +0700] "GET /template/default/assets/js/popper.min.js HTTP/1.1" 200 7722 "http://perpus.sman4tangerang.sch.id/index.php?p=show_detail&id=146" "Mozilla/5.0 AppleWebKit/537.36 (KHTML, like Gecko; compatible; Googlebot/2.1; +http://www.google.com/bot.html) Chrome/111.0.5563.64 Safari/537.36"
66.249.70.168 - - [27/Mar/2023:11:48:20 +0700] "GET /template/default/assets/plugin/vegas/vegas.min.js HTTP/1.1" 200 3557 "http://perpus.sman4tangerang.sch.id/index.php?p=show_detail&id=146" "Mozilla/5.0 AppleWebKit/537.36 (KHTML, like Gecko; compatible; Googlebot/2.1; +http://www.google.com/bot.html) Chrome/111.0.5563.64 Safari/537.36"
66.249.71.40 - - [27/Mar/2023:11:48:20 +0700] "GET /js/fancywebsocket.js HTTP/1.1" 200 874 "http://perpus.sman4tangerang.sch.id/index.php?p=show_detail&id=146" "Mozilla/5.0 AppleWebKit/537.36 (KHTML, like Gecko; compatible; Googlebot/2.1; +http://www.google.com/bot.html) Chrome/111.0.5563.64 Safari/537.36"
66.249.70.166 - - [27/Mar/2023:11:48:20 +0700] "GET /js/toastr/toastr.min.css?31114816 HTTP/1.1" 200 3139 "http://perpus.sman4tangerang.sch.id/index.php?p=show_detail&id=146" "Mozilla/5.0 AppleWebKit/537.36 (KHTML, like Gecko; compatible; Googlebot/2.1; +http://www.google.com/bot.html) Chrome/111.0.5563.64 Safari/537.36"
66.249.71.38 - - [27/Mar/2023:11:48:20 +0700] "GET /js/gui.js HTTP/1.1" 200 5005 "http://perpus.sman4tangerang.sch.id/index.php?p=show_detail&id=146" "Mozilla/5.0 AppleWebKit/537.36 (KHTML, like Gecko; compatible; Googlebot/2.1; +http://www.google.com/bot.html) Chrome/111.0.5563.64 Safari/537.36"
66.249.71.38 - - [27/Mar/2023:11:48:20 +0700] "GET /template/default/assets/js/vue.min.js HTTP/1.1" 200 33612 "http://perpus.sman4tangerang.sch.id/index.php?p=show_detail&id=146" "Mozilla/5.0 AppleWebKit/537.36 (KHTML, like Gecko; compatible; Googlebot/2.1; +http://www.google.com/bot.html) Chrome/111.0.5563.64 Safari/537.36"
66.249.71.40 - - [27/Mar/2023:11:48:20 +0700] "GET /template/default/assets/js/jquery.min.js HTTP/1.1" 200 30258 "http://perpus.sman4tangerang.sch.id/index.php?p=show_detail&id=146" "Mozilla/5.0 AppleWebKit/537.36 (KHTML, like Gecko; compatible; Googlebot/2.1; +http://www.google.com/bot.html) Chrome/111.0.5563.64 Safari/537.36"
66.249.70.168 - - [27/Mar/2023:11:48:21 +0700] "GET /template/default/assets/js/app.js?v=20230327-114816 HTTP/1.1" 200 2704 "http://perpus.sman4tangerang.sch.id/index.php?p=show_detail&id=146" "Mozilla/5.0 AppleWebKit/537.36 (KHTML, like Gecko; compatible; Googlebot/2.1; +http://www.google.com/bot.html) Chrome/111.0.5563.64 Safari/537.36"
66.249.71.38 - - [27/Mar/2023:11:48:21 +0700] "GET /template/default/assets/js/app_jquery.js?v=20230327-114816 HTTP/1.1" 200 1258 "http://perpus.sman4tangerang.sch.id/index.php?p=show_detail&id=146" "Mozilla/5.0 AppleWebKit/537.36 (KHTML, like Gecko; compatible; Googlebot/2.1; +http://www.google.com/bot.html) Chrome/111.0.5563.64 Safari/537.36"
66.249.71.40 - - [27/Mar/2023:11:48:22 +0700] "GET /template/default/assets/flags/4x3/id.svg HTTP/1.1" 200 649 "http://perpus.sman4tangerang.sch.id/template/default/assets/css/flag-icon.min.css" "Mozilla/5.0 AppleWebKit/537.36 (KHTML, like Gecko; compatible; Googlebot/2.1; +http://www.google.com/bot.html) Chrome/111.0.5563.64 Safari/537.36"
185.191.171.24 - - [27/Mar/2023:12:07:13 +0700] "GET /index.php?id=155&keywords&p=show_detail HTTP/1.1" 200 8075 "-" "Mozilla/5.0 (compatible; SemrushBot/7~bl; +http://www.semrush.com/bot.html)"
185.191.171.11 - - [27/Mar/2023:12:24:02 +0700] "GET /robots.txt HTTP/1.1" 200 7697 "-" "Mozilla/5.0 (compatible; SemrushBot/7~bl; +http://www.semrush.com/bot.html)"
185.191.171.24 - - [27/Mar/2023:12:24:03 +0700] "GET /index.php?id=138&keywords&p=show_detail HTTP/1.1" 200 7878 "-" "Mozilla/5.0 (compatible; SemrushBot/7~bl; +http://www.semrush.com/bot.html)"
216.244.66.241 - - [27/Mar/2023:12:24:19 +0700] "GET /robots.txt HTTP/1.1" 200 31809 "-" "Mozilla/5.0 (compatible; DotBot/1.2; +https://opensiteexplorer.org/dotbot; help@moz.com)"
185.191.171.36 - - [27/Mar/2023:12:24:41 +0700] "GET /index.php?id=131&p=show_detail HTTP/1.1" 200 8106 "-" "Mozilla/5.0 (compatible; SemrushBot/7~bl; +http://www.semrush.com/bot.html)"
216.244.66.241 - - [27/Mar/2023:12:30:32 +0700] "GET /index.php?p=show_detail&id=182 HTTP/1.1" 200 33049 "-" "Mozilla/5.0 (compatible; DotBot/1.2; +https://opensiteexplorer.org/dotbot; help@moz.com)"
216.244.66.241 - - [27/Mar/2023:12:30:38 +0700] "GET /index.php?p=show_detail&id=291 HTTP/1.1" 200 32987 "-" "Mozilla/5.0 (compatible; DotBot/1.2; +https://opensiteexplorer.org/dotbot; help@moz.com)"
216.244.66.241 - - [27/Mar/2023:12:30:46 +0700] "GET /index.php?author=%22Kun+Maryati%22&search=Search HTTP/1.1" 200 48349 "-" "Mozilla/5.0 (compatible; DotBot/1.2; +https://opensiteexplorer.org/dotbot; help@moz.com)"
185.191.171.23 - - [27/Mar/2023:12:31:08 +0700] "GET /index.php?author=Syekh%2BAbdullah%2BAl&search=Search HTTP/1.1" 200 7665 "-" "Mozilla/5.0 (compatible; SemrushBot/7~bl; +http://www.semrush.com/bot.html)"
216.244.66.241 - - [27/Mar/2023:12:31:17 +0700] "GET /index.php?p=show_detail&id=367 HTTP/1.1" 200 32962 "-" "Mozilla/5.0 (compatible; DotBot/1.2; +https://opensiteexplorer.org/dotbot; help@moz.com)"
185.191.171.42 - - [27/Mar/2023:12:31:32 +0700] "GET /index.php?id=350&keywords&p=show_detail HTTP/1.1" 200 7912 "-" "Mozilla/5.0 (compatible; SemrushBot/7~bl; +http://www.semrush.com/bot.html)"
185.191.171.43 - - [27/Mar/2023:12:32:44 +0700] "GET /index.php?id=150&keywords&p=show_detail HTTP/1.1" 200 8002 "-" "Mozilla/5.0 (compatible; SemrushBot/7~bl; +http://www.semrush.com/bot.html)"
185.191.171.3 - - [27/Mar/2023:12:35:27 +0700] "GET /index.php?author=Bo%2BBennett%2C%2BPh.D.&search=Search HTTP/1.1" 200 7605 "-" "Mozilla/5.0 (compatible; SemrushBot/7~bl; +http://www.semrush.com/bot.html)"
216.244.66.241 - - [27/Mar/2023:12:35:44 +0700] "GET /index.php?author=Posman+Simanjuntak&search=Search HTTP/1.1" 200 35646 "-" "Mozilla/5.0 (compatible; DotBot/1.2; +https://opensiteexplorer.org/dotbot; help@moz.com)"
216.244.66.241 - - [27/Mar/2023:12:37:36 +0700] "GET /index.php?author=%22Drs.+SLAMET+MUHAEMIN+ABDA%22&search=Search HTTP/1.1" 200 35519 "-" "Mozilla/5.0 (compatible; DotBot/1.2; +https://opensiteexplorer.org/dotbot; help@moz.com)"
216.244.66.241 - - [27/Mar/2023:12:38:50 +0700] "GET /index.php?author=Drs.+Muhajir&search=Search HTTP/1.1" 200 33495 "-" "Mozilla/5.0 (compatible; DotBot/1.2; +https://opensiteexplorer.org/dotbot; help@moz.com)"
66.249.71.168 - - [27/Mar/2023:12:39:38 +0700] "GET /robots.txt HTTP/1.1" 200 7238 "-" "Mozilla/5.0 (compatible; Googlebot/2.1; +http://www.google.com/bot.html)"
66.249.71.170 - - [27/Mar/2023:12:39:38 +0700] "GET /lib/minigalnano/createthumb.php?filename=..%2F..%2Fimages%2Fdocs%2FRefleksi_Atas_Revolusi_di_Eropa.jpg.jpg&width=120 HTTP/1.1" 200 9617 "-" "Googlebot-Image/1.0"
216.244.66.241 - - [27/Mar/2023:12:41:57 +0700] "GET /index.php?author=%22Drs.+Sudarsono%2C+S.H%22&search=Search HTTP/1.1" 200 35679 "-" "Mozilla/5.0 (compatible; DotBot/1.2; +https://opensiteexplorer.org/dotbot; help@moz.com)"
216.244.66.241 - - [27/Mar/2023:12:42:01 +0700] "GET /index.php?p=cite&id=57&keywords= HTTP/1.1" 200 545 "-" "Mozilla/5.0 (compatible; DotBot/1.2; +https://opensiteexplorer.org/dotbot; help@moz.com)"
185.191.171.10 - - [27/Mar/2023:12:42:11 +0700] "GET /index.php?author=%22Prof.%2BIr.%2BEko%2BBudihardjo%2C%2BMSc%22&search=Search HTTP/1.1" 200 8351 "-" "Mozilla/5.0 (compatible; SemrushBot/7~bl; +http://www.semrush.com/bot.html)"
185.191.171.4 - - [27/Mar/2023:12:42:32 +0700] "GET /index.php?author=%22Roger%2BE%2BHernandez%22&search=Search HTTP/1.1" 200 8276 "-" "Mozilla/5.0 (compatible; SemrushBot/7~bl; +http://www.semrush.com/bot.html)"
185.191.171.10 - - [27/Mar/2023:12:42:35 +0700] "GET /index.php?id=289&p=show_detail HTTP/1.1" 200 7980 "-" "Mozilla/5.0 (compatible; SemrushBot/7~bl; +http://www.semrush.com/bot.html)"
185.191.171.43 - - [27/Mar/2023:12:45:11 +0700] "GET /index.php?id=195&keywords&p=show_detail HTTP/1.1" 200 8046 "-" "Mozilla/5.0 (compatible; SemrushBot/7~bl; +http://www.semrush.com/bot.html)"
185.191.171.7 - - [27/Mar/2023:12:51:31 +0700] "GET /index.php?author=Ana%2BNadhya%2Babrar&search=Search HTTP/1.1" 200 7576 "-" "Mozilla/5.0 (compatible; SemrushBot/7~bl; +http://www.semrush.com/bot.html)"
185.191.171.39 - - [27/Mar/2023:12:54:51 +0700] "GET /index.php?author=Harary&search=Search HTTP/1.1" 200 8349 "-" "Mozilla/5.0 (compatible; SemrushBot/7~bl; +http://www.semrush.com/bot.html)"
185.191.171.43 - - [27/Mar/2023:12:56:07 +0700] "GET /index.php?id=271&keywords&p=show_detail HTTP/1.1" 200 7888 "-" "Mozilla/5.0 (compatible; SemrushBot/7~bl; +http://www.semrush.com/bot.html)"
185.191.171.45 - - [27/Mar/2023:12:59:50 +0700] "GET /index.php?author=Drs.%2BSuprianto%2C%2BM.Si%2Bdkk&search=Search HTTP/1.1" 200 7664 "-" "Mozilla/5.0 (compatible; SemrushBot/7~bl; +http://www.semrush.com/bot.html)"
185.191.171.6 - - [27/Mar/2023:12:59:52 +0700] "GET /index.php?author=Drs.%2BMartinis%2BYamin%2C%2BM.Pd&search=Search HTTP/1.1" 200 7609 "-" "Mozilla/5.0 (compatible; SemrushBot/7~bl; +http://www.semrush.com/bot.html)"
185.191.171.23 - - [27/Mar/2023:13:04:37 +0700] "GET /index.php?id=325&p=show_detail HTTP/1.1" 200 7907 "-" "Mozilla/5.0 (compatible; SemrushBot/7~bl; +http://www.semrush.com/bot.html)"
185.191.171.33 - - [27/Mar/2023:13:05:54 +0700] "GET /index.php?id=394&keywords&p=show_detail HTTP/1.1" 200 8055 "-" "Mozilla/5.0 (compatible; SemrushBot/7~bl; +http://www.semrush.com/bot.html)"
66.249.71.202 - - [27/Mar/2023:13:07:17 +0700] "GET / HTTP/1.1" 200 7207 "-" "Mozilla/5.0 (compatible; Googlebot/2.1; +http://www.google.com/bot.html)"
66.249.71.198 - - [27/Mar/2023:13:07:21 +0700] "GET /template/default/assets/js/jquery.min.js HTTP/1.1" 200 30258 "http://perpus.sman4tangerang.sch.id/" "Mozilla/5.0 AppleWebKit/537.36 (KHTML, like Gecko; compatible; Googlebot/2.1; +http://www.google.com/bot.html) Chrome/111.0.5563.64 Safari/537.36"
66.249.70.170 - - [27/Mar/2023:13:07:21 +0700] "GET /template/default/assets/plugin/font-awesome/css/fontawesome-all.min.css HTTP/1.1" 200 7615 "http://perpus.sman4tangerang.sch.id/" "Mozilla/5.0 AppleWebKit/537.36 (KHTML, like Gecko; compatible; Googlebot/2.1; +http://www.google.com/bot.html) Chrome/111.0.5563.64 Safari/537.36"
66.249.71.166 - - [27/Mar/2023:13:07:21 +0700] "GET /template/default/assets/css/style.css?v=20230327-010717 HTTP/1.1" 200 3983 "http://perpus.sman4tangerang.sch.id/" "Mozilla/5.0 AppleWebKit/537.36 (KHTML, like Gecko; compatible; Googlebot/2.1; +http://www.google.com/bot.html) Chrome/111.0.5563.64 Safari/537.36"
