103.49.189.2 - - [27/Mar/2023:14:51:19 +0700] "GET /admin/modules/bibliography/index.php HTTP/1.1" 200 5206 "http://perpus.sman4tangerang.sch.id/admin/index.php?mod=bibliography" "Mozilla/5.0 (Windows NT 10.0; Win64; x64) AppleWebKit/537.36 (KHTML, like Gecko) Chrome/109.0.0.0 Safari/537.36"
103.49.189.2 - - [27/Mar/2023:14:51:26 +0700] "GET /admin/modules/bibliography/index.php?action=detail&ajaxload=1 HTTP/1.1" 200 7685 "http://perpus.sman4tangerang.sch.id/admin/index.php?mod=bibliography" "Mozilla/5.0 (Windows NT 10.0; Win64; x64) AppleWebKit/537.36 (KHTML, like Gecko) Chrome/109.0.0.0 Safari/537.36"
103.49.189.2 - - [27/Mar/2023:14:51:26 +0700] "GET /admin/modules/bibliography/iframe_author.php?biblioID=&block=1 HTTP/1.1" 200 1467 "http://perpus.sman4tangerang.sch.id/admin/index.php?mod=bibliography" "Mozilla/5.0 (Windows NT 10.0; Win64; x64) AppleWebKit/537.36 (KHTML, like Gecko) Chrome/109.0.0.0 Safari/537.36"
103.49.189.2 - - [27/Mar/2023:14:51:26 +0700] "GET /admin/modules/bibliography/iframe_attach.php?biblioID=&block=1 HTTP/1.1" 200 1524 "http://perpus.sman4tangerang.sch.id/admin/index.php?mod=bibliography" "Mozilla/5.0 (Windows NT 10.0; Win64; x64) AppleWebKit/537.36 (KHTML, like Gecko) Chrome/109.0.0.0 Safari/537.36"
103.49.189.2 - - [27/Mar/2023:14:51:26 +0700] "GET /admin/modules/bibliography/iframe_topic.php?biblioID=&block=1 HTTP/1.1" 200 1463 "http://perpus.sman4tangerang.sch.id/admin/index.php?mod=bibliography" "Mozilla/5.0 (Windows NT 10.0; Win64; x64) AppleWebKit/537.36 (KHTML, like Gecko) Chrome/109.0.0.0 Safari/537.36"
103.49.189.2 - - [27/Mar/2023:14:51:27 +0700] "GET /admin/admin_template/default/style.css?31025126 HTTP/1.1" 200 5782 "http://perpus.sman4tangerang.sch.id/admin/modules/bibliography/iframe_author.php?biblioID=&block=1" "Mozilla/5.0 (Windows NT 10.0; Win64; x64) AppleWebKit/537.36 (KHTML, like Gecko) Chrome/109.0.0.0 Safari/537.36"
103.49.189.2 - - [27/Mar/2023:14:51:26 +0700] "GET /admin/modules/bibliography/iframe_biblio_rel.php?biblioID=&block=1 HTTP/1.1" 200 1465 "http://perpus.sman4tangerang.sch.id/admin/index.php?mod=bibliography" "Mozilla/5.0 (Windows NT 10.0; Win64; x64) AppleWebKit/537.36 (KHTML, like Gecko) Chrome/109.0.0.0 Safari/537.36"
103.49.189.2 - - [27/Mar/2023:14:51:27 +0700] "GET /admin/admin_template/default/style.css?31025127 HTTP/1.1" 200 5782 "http://perpus.sman4tangerang.sch.id/admin/modules/bibliography/iframe_attach.php?biblioID=&block=1" "Mozilla/5.0 (Windows NT 10.0; Win64; x64) AppleWebKit/537.36 (KHTML, like Gecko) Chrome/109.0.0.0 Safari/537.36"
185.191.171.16 - - [27/Mar/2023:14:51:43 +0700] "GET /index.php?author=%22Dra.%2BKusmiaty%22&search=Search HTTP/1.1" 200 8301 "-" "Mozilla/5.0 (compatible; SemrushBot/7~bl; +http://www.semrush.com/bot.html)"
103.49.189.2 - - [27/Mar/2023:14:51:45 +0700] "GET /admin/modules/bibliography/pop_author.php?biblioID= HTTP/1.1" 200 1606 "http://perpus.sman4tangerang.sch.id/admin/index.php?mod=bibliography" "Mozilla/5.0 (Windows NT 10.0; Win64; x64) AppleWebKit/537.36 (KHTML, like Gecko) Chrome/109.0.0.0 Safari/537.36"
103.49.189.2 - - [27/Mar/2023:14:51:45 +0700] "GET /admin/admin_template/default/style.css?31025145 HTTP/1.1" 200 5782 "http://perpus.sman4tangerang.sch.id/admin/modules/bibliography/pop_author.php?biblioID=" "Mozilla/5.0 (Windows NT 10.0; Win64; x64) AppleWebKit/537.36 (KHTML, like Gecko) Chrome/109.0.0.0 Safari/537.36"
103.49.189.2 - - [27/Mar/2023:14:51:58 +0700] "POST /admin/AJAX_lookup_handler.php HTTP/1.1" 403 1584 "http://perpus.sman4tangerang.sch.id/admin/modules/bibliography/pop_author.php?biblioID=" "Mozilla/5.0 (Windows NT 10.0; Win64; x64) AppleWebKit/537.36 (KHTML, like Gecko) Chrome/109.0.0.0 Safari/537.36"
103.49.189.2 - - [27/Mar/2023:14:52:00 +0700] "POST /admin/AJAX_lookup_handler.php HTTP/1.1" 403 1584 "http://perpus.sman4tangerang.sch.id/admin/modules/bibliography/pop_author.php?biblioID=" "Mozilla/5.0 (Windows NT 10.0; Win64; x64) AppleWebKit/537.36 (KHTML, like Gecko) Chrome/109.0.0.0 Safari/537.36"
103.49.189.2 - - [27/Mar/2023:14:52:01 +0700] "POST /admin/modules/bibliography/pop_author.php?biblioID=0 HTTP/1.1" 200 1859 "http://perpus.sman4tangerang.sch.id/admin/modules/bibliography/pop_author.php?biblioID=" "Mozilla/5.0 (Windows NT 10.0; Win64; x64) AppleWebKit/537.36 (KHTML, like Gecko) Chrome/109.0.0.0 Safari/537.36"
103.49.189.2 - - [27/Mar/2023:14:52:01 +0700] "GET /admin/admin_template/default/style.css?31025201 HTTP/1.1" 200 5782 "http://perpus.sman4tangerang.sch.id/admin/modules/bibliography/pop_author.php?biblioID=0" "Mozilla/5.0 (Windows NT 10.0; Win64; x64) AppleWebKit/537.36 (KHTML, like Gecko) Chrome/109.0.0.0 Safari/537.36"
103.49.189.2 - - [27/Mar/2023:14:52:01 +0700] "GET /admin/modules/bibliography/iframe_author.php HTTP/1.1" 200 1437 "http://perpus.sman4tangerang.sch.id/admin/index.php?mod=bibliography" "Mozilla/5.0 (Windows NT 10.0; Win64; x64) AppleWebKit/537.36 (KHTML, like Gecko) Chrome/109.0.0.0 Safari/537.36"
103.49.189.2 - - [27/Mar/2023:14:52:07 +0700] "POST /admin/AJAX_lookup_handler.php HTTP/1.1" 403 1584 "http://perpus.sman4tangerang.sch.id/admin/modules/bibliography/pop_author.php?biblioID=0" "Mozilla/5.0 (Windows NT 10.0; Win64; x64) AppleWebKit/537.36 (KHTML, like Gecko) Chrome/109.0.0.0 Safari/537.36"
103.49.189.2 - - [27/Mar/2023:14:52:08 +0700] "POST /admin/modules/bibliography/pop_author.php?biblioID=0 HTTP/1.1" 200 1861 "http://perpus.sman4tangerang.sch.id/admin/modules/bibliography/pop_author.php?biblioID=0" "Mozilla/5.0 (Windows NT 10.0; Win64; x64) AppleWebKit/537.36 (KHTML, like Gecko) Chrome/109.0.0.0 Safari/537.36"
103.49.189.2 - - [27/Mar/2023:14:52:08 +0700] "GET /admin/admin_template/default/style.css?31025208 HTTP/1.1" 200 5782 "http://perpus.sman4tangerang.sch.id/admin/modules/bibliography/pop_author.php?biblioID=0" "Mozilla/5.0 (Windows NT 10.0; Win64; x64) AppleWebKit/537.36 (KHTML, like Gecko) Chrome/109.0.0.0 Safari/537.36"
103.49.189.2 - - [27/Mar/2023:14:52:08 +0700] "GET /admin/modules/bibliography/iframe_author.php HTTP/1.1" 200 1475 "http://perpus.sman4tangerang.sch.id/admin/index.php?mod=bibliography" "Mozilla/5.0 (Windows NT 10.0; Win64; x64) AppleWebKit/537.36 (KHTML, like Gecko) Chrome/109.0.0.0 Safari/537.36"
103.49.189.2 - - [27/Mar/2023:14:52:16 +0700] "GET /admin/modules/bibliography/iframe_author.php?removesess=365 HTTP/1.1" 200 1672 "http://perpus.sman4tangerang.sch.id/admin/modules/bibliography/iframe_author.php" "Mozilla/5.0 (Windows NT 10.0; Win64; x64) AppleWebKit/537.36 (KHTML, like Gecko) Chrome/109.0.0.0 Safari/537.36"
103.49.189.2 - - [27/Mar/2023:14:52:16 +0700] "GET /admin/admin_template/default/style.css?31025216 HTTP/1.1" 200 5782 "http://perpus.sman4tangerang.sch.id/admin/modules/bibliography/iframe_author.php?removesess=365" "Mozilla/5.0 (Windows NT 10.0; Win64; x64) AppleWebKit/537.36 (KHTML, like Gecko) Chrome/109.0.0.0 Safari/537.36"
103.49.189.2 - - [27/Mar/2023:14:52:16 +0700] "GET /admin/modules/bibliography/iframe_author.php HTTP/1.1" 200 1447 "http://perpus.sman4tangerang.sch.id/admin/modules/bibliography/iframe_author.php?removesess=365" "Mozilla/5.0 (Windows NT 10.0; Win64; x64) AppleWebKit/537.36 (KHTML, like Gecko) Chrome/109.0.0.0 Safari/537.36"
103.49.189.2 - - [27/Mar/2023:14:52:17 +0700] "GET /admin/modules/bibliography/iframe_author.php?removesess=368 HTTP/1.1" 200 1464 "http://perpus.sman4tangerang.sch.id/admin/modules/bibliography/iframe_author.php" "Mozilla/5.0 (Windows NT 10.0; Win64; x64) AppleWebKit/537.36 (KHTML, like Gecko) Chrome/109.0.0.0 Safari/537.36"
103.49.189.2 - - [27/Mar/2023:14:52:17 +0700] "GET /admin/admin_template/default/style.css?31025217 HTTP/1.1" 200 5782 "http://perpus.sman4tangerang.sch.id/admin/modules/bibliography/iframe_author.php?removesess=368" "Mozilla/5.0 (Windows NT 10.0; Win64; x64) AppleWebKit/537.36 (KHTML, like Gecko) Chrome/109.0.0.0 Safari/537.36"
103.49.189.2 - - [27/Mar/2023:14:52:17 +0700] "GET /admin/modules/bibliography/iframe_author.php HTTP/1.1" 200 1228 "http://perpus.sman4tangerang.sch.id/admin/modules/bibliography/iframe_author.php?removesess=368" "Mozilla/5.0 (Windows NT 10.0; Win64; x64) AppleWebKit/537.36 (KHTML, like Gecko) Chrome/109.0.0.0 Safari/537.36"
103.49.189.2 - - [27/Mar/2023:14:52:22 +0700] "GET /admin/index.php?mod=bibliography HTTP/1.1" 200 3859 "http://perpus.sman4tangerang.sch.id/admin/index.php?mod=bibliography" "Mozilla/5.0 (Windows NT 10.0; Win64; x64) AppleWebKit/537.36 (KHTML, like Gecko) Chrome/109.0.0.0 Safari/537.36"
103.49.189.2 - - [27/Mar/2023:14:52:22 +0700] "GET /css/bootstrap.min.css?31025222 HTTP/1.1" 200 24209 "http://perpus.sman4tangerang.sch.id/admin/index.php?mod=bibliography" "Mozilla/5.0 (Windows NT 10.0; Win64; x64) AppleWebKit/537.36 (KHTML, like Gecko) Chrome/109.0.0.0 Safari/537.36"
103.49.189.2 - - [27/Mar/2023:14:52:22 +0700] "GET /css/core.css?31025222 HTTP/1.1" 200 1722 "http://perpus.sman4tangerang.sch.id/admin/index.php?mod=bibliography" "Mozilla/5.0 (Windows NT 10.0; Win64; x64) AppleWebKit/537.36 (KHTML, like Gecko) Chrome/109.0.0.0 Safari/537.36"
103.49.189.2 - - [27/Mar/2023:14:52:22 +0700] "GET /js/colorbox/colorbox.css?31025222 HTTP/1.1" 200 1922 "http://perpus.sman4tangerang.sch.id/admin/index.php?mod=bibliography" "Mozilla/5.0 (Windows NT 10.0; Win64; x64) AppleWebKit/537.36 (KHTML, like Gecko) Chrome/109.0.0.0 Safari/537.36"
103.49.189.2 - - [27/Mar/2023:14:52:22 +0700] "GET /js/chosen/chosen.css?31025222 HTTP/1.1" 200 3003 "http://perpus.sman4tangerang.sch.id/admin/index.php?mod=bibliography" "Mozilla/5.0 (Windows NT 10.0; Win64; x64) AppleWebKit/537.36 (KHTML, like Gecko) Chrome/109.0.0.0 Safari/537.36"
103.49.189.2 - - [27/Mar/2023:14:52:22 +0700] "GET /admin/admin_template/default/style.css?31025222 HTTP/1.1" 200 5782 "http://perpus.sman4tangerang.sch.id/admin/index.php?mod=bibliography" "Mozilla/5.0 (Windows NT 10.0; Win64; x64) AppleWebKit/537.36 (KHTML, like Gecko) Chrome/109.0.0.0 Safari/537.36"
103.49.189.2 - - [27/Mar/2023:14:52:22 +0700] "GET /js/toastr/toastr.min.css?31025222 HTTP/1.1" 200 3322 "http://perpus.sman4tangerang.sch.id/admin/index.php?mod=bibliography" "Mozilla/5.0 (Windows NT 10.0; Win64; x64) AppleWebKit/537.36 (KHTML, like Gecko) Chrome/109.0.0.0 Safari/537.36"
103.49.189.2 - - [27/Mar/2023:14:52:22 +0700] "GET /js/calendar.js?v=31025222 HTTP/1.1" 200 2971 "http://perpus.sman4tangerang.sch.id/admin/index.php?mod=bibliography" "Mozilla/5.0 (Windows NT 10.0; Win64; x64) AppleWebKit/537.36 (KHTML, like Gecko) Chrome/109.0.0.0 Safari/537.36"
103.49.189.2 - - [27/Mar/2023:14:52:22 +0700] "GET /admin/modules/bibliography/index.php HTTP/1.1" 200 5206 "http://perpus.sman4tangerang.sch.id/admin/index.php?mod=bibliography" "Mozilla/5.0 (Windows NT 10.0; Win64; x64) AppleWebKit/537.36 (KHTML, like Gecko) Chrome/109.0.0.0 Safari/537.36"
103.49.189.2 - - [27/Mar/2023:14:52:29 +0700] "GET /admin/modules/bibliography/index.php?action=detail&ajaxload=1 HTTP/1.1" 200 7682 "http://perpus.sman4tangerang.sch.id/admin/index.php?mod=bibliography" "Mozilla/5.0 (Windows NT 10.0; Win64; x64) AppleWebKit/537.36 (KHTML, like Gecko) Chrome/109.0.0.0 Safari/537.36"
103.49.189.2 - - [27/Mar/2023:14:52:29 +0700] "GET /admin/modules/bibliography/iframe_topic.php?biblioID=&block=1 HTTP/1.1" 200 1463 "http://perpus.sman4tangerang.sch.id/admin/index.php?mod=bibliography" "Mozilla/5.0 (Windows NT 10.0; Win64; x64) AppleWebKit/537.36 (KHTML, like Gecko) Chrome/109.0.0.0 Safari/537.36"
103.49.189.2 - - [27/Mar/2023:14:52:29 +0700] "GET /admin/admin_template/default/style.css?31025229 HTTP/1.1" 200 5782 "http://perpus.sman4tangerang.sch.id/admin/modules/bibliography/iframe_topic.php?biblioID=&block=1" "Mozilla/5.0 (Windows NT 10.0; Win64; x64) AppleWebKit/537.36 (KHTML, like Gecko) Chrome/109.0.0.0 Safari/537.36"
103.49.189.2 - - [27/Mar/2023:14:52:29 +0700] "GET /admin/modules/bibliography/iframe_author.php?biblioID=&block=1 HTTP/1.1" 200 1466 "http://perpus.sman4tangerang.sch.id/admin/index.php?mod=bibliography" "Mozilla/5.0 (Windows NT 10.0; Win64; x64) AppleWebKit/537.36 (KHTML, like Gecko) Chrome/109.0.0.0 Safari/537.36"
103.49.189.2 - - [27/Mar/2023:14:52:29 +0700] "GET /admin/modules/bibliography/iframe_biblio_rel.php?biblioID=&block=1 HTTP/1.1" 200 1465 "http://perpus.sman4tangerang.sch.id/admin/index.php?mod=bibliography" "Mozilla/5.0 (Windows NT 10.0; Win64; x64) AppleWebKit/537.36 (KHTML, like Gecko) Chrome/109.0.0.0 Safari/537.36"
103.49.189.2 - - [27/Mar/2023:14:52:29 +0700] "GET /admin/modules/bibliography/iframe_attach.php?biblioID=&block=1 HTTP/1.1" 200 1524 "http://perpus.sman4tangerang.sch.id/admin/index.php?mod=bibliography" "Mozilla/5.0 (Windows NT 10.0; Win64; x64) AppleWebKit/537.36 (KHTML, like Gecko) Chrome/109.0.0.0 Safari/537.36"
103.49.189.2 - - [27/Mar/2023:14:52:30 +0700] "GET /admin/admin_template/default/style.css?31025230 HTTP/1.1" 200 5782 "http://perpus.sman4tangerang.sch.id/admin/modules/bibliography/iframe_author.php?biblioID=&block=1" "Mozilla/5.0 (Windows NT 10.0; Win64; x64) AppleWebKit/537.36 (KHTML, like Gecko) Chrome/109.0.0.0 Safari/537.36"
66.249.71.166 - - [27/Mar/2023:14:52:43 +0700] "GET /robots.txt HTTP/1.1" 200 7239 "-" "Mozilla/5.0 (compatible; Googlebot/2.1; +http://www.google.com/bot.html)"
66.249.71.166 - - [27/Mar/2023:14:52:44 +0700] "GET /lib/minigalnano/createthumb.php?filename=..%2F..%2Fimages%2Fdocs%2FKamus_Kecil_Indonesia-Sunda.jpg.jpg&width=120 HTTP/1.1" 200 7005 "-" "Googlebot-Image/1.0"
103.49.189.2 - - [27/Mar/2023:14:52:46 +0700] "GET /admin/modules/bibliography/pop_author.php?biblioID= HTTP/1.1" 200 1606 "http://perpus.sman4tangerang.sch.id/admin/index.php?mod=bibliography" "Mozilla/5.0 (Windows NT 10.0; Win64; x64) AppleWebKit/537.36 (KHTML, like Gecko) Chrome/109.0.0.0 Safari/537.36"
103.49.189.2 - - [27/Mar/2023:14:52:47 +0700] "GET /admin/admin_template/default/style.css?31025247 HTTP/1.1" 200 5782 "http://perpus.sman4tangerang.sch.id/admin/modules/bibliography/pop_author.php?biblioID=" "Mozilla/5.0 (Windows NT 10.0; Win64; x64) AppleWebKit/537.36 (KHTML, like Gecko) Chrome/109.0.0.0 Safari/537.36"
103.49.189.2 - - [27/Mar/2023:14:52:49 +0700] "POST /admin/AJAX_lookup_handler.php HTTP/1.1" 403 1584 "http://perpus.sman4tangerang.sch.id/admin/modules/bibliography/pop_author.php?biblioID=" "Mozilla/5.0 (Windows NT 10.0; Win64; x64) AppleWebKit/537.36 (KHTML, like Gecko) Chrome/109.0.0.0 Safari/537.36"
103.49.189.2 - - [27/Mar/2023:14:52:49 +0700] "POST /admin/modules/bibliography/pop_author.php?biblioID=0 HTTP/1.1" 200 1859 "http://perpus.sman4tangerang.sch.id/admin/modules/bibliography/pop_author.php?biblioID=" "Mozilla/5.0 (Windows NT 10.0; Win64; x64) AppleWebKit/537.36 (KHTML, like Gecko) Chrome/109.0.0.0 Safari/537.36"
103.49.189.2 - - [27/Mar/2023:14:52:50 +0700] "GET /admin/admin_template/default/style.css?31025250 HTTP/1.1" 200 5782 "http://perpus.sman4tangerang.sch.id/admin/modules/bibliography/pop_author.php?biblioID=0" "Mozilla/5.0 (Windows NT 10.0; Win64; x64) AppleWebKit/537.36 (KHTML, like Gecko) Chrome/109.0.0.0 Safari/537.36"
103.49.189.2 - - [27/Mar/2023:14:52:50 +0700] "GET /admin/modules/bibliography/iframe_author.php HTTP/1.1" 200 1437 "http://perpus.sman4tangerang.sch.id/admin/index.php?mod=bibliography" "Mozilla/5.0 (Windows NT 10.0; Win64; x64) AppleWebKit/537.36 (KHTML, like Gecko) Chrome/109.0.0.0 Safari/537.36"
103.49.189.2 - - [27/Mar/2023:14:52:52 +0700] "POST /admin/AJAX_lookup_handler.php HTTP/1.1" 403 1584 "http://perpus.sman4tangerang.sch.id/admin/modules/bibliography/pop_author.php?biblioID=0" "Mozilla/5.0 (Windows NT 10.0; Win64; x64) AppleWebKit/537.36 (KHTML, like Gecko) Chrome/109.0.0.0 Safari/537.36"
103.49.189.2 - - [27/Mar/2023:14:52:53 +0700] "POST /admin/modules/bibliography/pop_author.php?biblioID=0 HTTP/1.1" 200 1859 "http://perpus.sman4tangerang.sch.id/admin/modules/bibliography/pop_author.php?biblioID=0" "Mozilla/5.0 (Windows NT 10.0; Win64; x64) AppleWebKit/537.36 (KHTML, like Gecko) Chrome/109.0.0.0 Safari/537.36"
103.49.189.2 - - [27/Mar/2023:14:52:53 +0700] "GET /admin/admin_template/default/style.css?31025253 HTTP/1.1" 200 5782 "http://perpus.sman4tangerang.sch.id/admin/modules/bibliography/pop_author.php?biblioID=0" "Mozilla/5.0 (Windows NT 10.0; Win64; x64) AppleWebKit/537.36 (KHTML, like Gecko) Chrome/109.0.0.0 Safari/537.36"
103.49.189.2 - - [27/Mar/2023:14:52:53 +0700] "GET /admin/modules/bibliography/iframe_author.php HTTP/1.1" 200 1474 "http://perpus.sman4tangerang.sch.id/admin/index.php?mod=bibliography" "Mozilla/5.0 (Windows NT 10.0; Win64; x64) AppleWebKit/537.36 (KHTML, like Gecko) Chrome/109.0.0.0 Safari/537.36"
103.49.189.2 - - [27/Mar/2023:14:52:59 +0700] "POST /admin/AJAX_lookup_handler.php HTTP/1.1" 403 1584 "http://perpus.sman4tangerang.sch.id/admin/modules/bibliography/pop_author.php?biblioID=0" "Mozilla/5.0 (Windows NT 10.0; Win64; x64) AppleWebKit/537.36 (KHTML, like Gecko) Chrome/109.0.0.0 Safari/537.36"
103.49.189.2 - - [27/Mar/2023:14:53:00 +0700] "POST /admin/AJAX_lookup_handler.php HTTP/1.1" 403 1584 "http://perpus.sman4tangerang.sch.id/admin/modules/bibliography/pop_author.php?biblioID=0" "Mozilla/5.0 (Windows NT 10.0; Win64; x64) AppleWebKit/537.36 (KHTML, like Gecko) Chrome/109.0.0.0 Safari/537.36"
103.49.189.2 - - [27/Mar/2023:14:53:00 +0700] "POST /admin/AJAX_lookup_handler.php HTTP/1.1" 403 1584 "http://perpus.sman4tangerang.sch.id/admin/modules/bibliography/pop_author.php?biblioID=0" "Mozilla/5.0 (Windows NT 10.0; Win64; x64) AppleWebKit/537.36 (KHTML, like Gecko) Chrome/109.0.0.0 Safari/537.36"
103.49.189.2 - - [27/Mar/2023:14:53:01 +0700] "POST /admin/AJAX_lookup_handler.php HTTP/1.1" 403 1584 "http://perpus.sman4tangerang.sch.id/admin/modules/bibliography/pop_author.php?biblioID=0" "Mozilla/5.0 (Windows NT 10.0; Win64; x64) AppleWebKit/537.36 (KHTML, like Gecko) Chrome/109.0.0.0 Safari/537.36"
103.49.189.2 - - [27/Mar/2023:14:53:04 +0700] "POST /admin/AJAX_lookup_handler.php HTTP/1.1" 403 1584 "http://perpus.sman4tangerang.sch.id/admin/modules/bibliography/pop_author.php?biblioID=0" "Mozilla/5.0 (Windows NT 10.0; Win64; x64) AppleWebKit/537.36 (KHTML, like Gecko) Chrome/109.0.0.0 Safari/537.36"
103.49.189.2 - - [27/Mar/2023:14:53:05 +0700] "POST /admin/AJAX_lookup_handler.php HTTP/1.1" 403 1584 "http://perpus.sman4tangerang.sch.id/admin/modules/bibliography/pop_author.php?biblioID=0" "Mozilla/5.0 (Windows NT 10.0; Win64; x64) AppleWebKit/537.36 (KHTML, like Gecko) Chrome/109.0.0.0 Safari/537.36"
103.49.189.2 - - [27/Mar/2023:14:53:06 +0700] "POST /admin/AJAX_lookup_handler.php HTTP/1.1" 403 1584 "http://perpus.sman4tangerang.sch.id/admin/modules/bibliography/pop_author.php?biblioID=0" "Mozilla/5.0 (Windows NT 10.0; Win64; x64) AppleWebKit/537.36 (KHTML, like Gecko) Chrome/109.0.0.0 Safari/537.36"
103.49.189.2 - - [27/Mar/2023:14:53:06 +0700] "POST /admin/AJAX_lookup_handler.php HTTP/1.1" 403 1584 "http://perpus.sman4tangerang.sch.id/admin/modules/bibliography/pop_author.php?biblioID=0" "Mozilla/5.0 (Windows NT 10.0; Win64; x64) AppleWebKit/537.36 (KHTML, like Gecko) Chrome/109.0.0.0 Safari/537.36"
103.49.189.2 - - [27/Mar/2023:14:53:07 +0700] "POST /admin/AJAX_lookup_handler.php HTTP/1.1" 403 1584 "http://perpus.sman4tangerang.sch.id/admin/modules/bibliography/pop_author.php?biblioID=0" "Mozilla/5.0 (Windows NT 10.0; Win64; x64) AppleWebKit/537.36 (KHTML, like Gecko) Chrome/109.0.0.0 Safari/537.36"
103.49.189.2 - - [27/Mar/2023:14:53:14 +0700] "POST /admin/AJAX_lookup_handler.php HTTP/1.1" 403 1584 "http://perpus.sman4tangerang.sch.id/admin/modules/bibliography/pop_author.php?biblioID=0" "Mozilla/5.0 (Windows NT 10.0; Win64; x64) AppleWebKit/537.36 (KHTML, like Gecko) Chrome/109.0.0.0 Safari/537.36"
103.49.189.2 - - [27/Mar/2023:14:53:14 +0700] "POST /admin/AJAX_lookup_handler.php HTTP/1.1" 403 1584 "http://perpus.sman4tangerang.sch.id/admin/modules/bibliography/pop_author.php?biblioID=0" "Mozilla/5.0 (Windows NT 10.0; Win64; x64) AppleWebKit/537.36 (KHTML, like Gecko) Chrome/109.0.0.0 Safari/537.36"
103.49.189.2 - - [27/Mar/2023:14:53:15 +0700] "POST /admin/AJAX_lookup_handler.php HTTP/1.1" 403 1584 "http://perpus.sman4tangerang.sch.id/admin/modules/bibliography/pop_author.php?biblioID=0" "Mozilla/5.0 (Windows NT 10.0; Win64; x64) AppleWebKit/537.36 (KHTML, like Gecko) Chrome/109.0.0.0 Safari/537.36"
103.49.189.2 - - [27/Mar/2023:14:53:15 +0700] "POST /admin/AJAX_lookup_handler.php HTTP/1.1" 403 1584 "http://perpus.sman4tangerang.sch.id/admin/modules/bibliography/pop_author.php?biblioID=0" "Mozilla/5.0 (Windows NT 10.0; Win64; x64) AppleWebKit/537.36 (KHTML, like Gecko) Chrome/109.0.0.0 Safari/537.36"
103.49.189.2 - - [27/Mar/2023:14:53:16 +0700] "POST /admin/AJAX_lookup_handler.php HTTP/1.1" 403 1584 "http://perpus.sman4tangerang.sch.id/admin/modules/bibliography/pop_author.php?biblioID=0" "Mozilla/5.0 (Windows NT 10.0; Win64; x64) AppleWebKit/537.36 (KHTML, like Gecko) Chrome/109.0.0.0 Safari/537.36"
103.49.189.2 - - [27/Mar/2023:14:53:18 +0700] "POST /admin/modules/bibliography/pop_author.php?biblioID=0 HTTP/1.1" 200 1861 "http://perpus.sman4tangerang.sch.id/admin/modules/bibliography/pop_author.php?biblioID=0" "Mozilla/5.0 (Windows NT 10.0; Win64; x64) AppleWebKit/537.36 (KHTML, like Gecko) Chrome/109.0.0.0 Safari/537.36"
103.49.189.2 - - [27/Mar/2023:14:53:18 +0700] "GET /admin/admin_template/default/style.css?31025318 HTTP/1.1" 200 5782 "http://perpus.sman4tangerang.sch.id/admin/modules/bibliography/pop_author.php?biblioID=0" "Mozilla/5.0 (Windows NT 10.0; Win64; x64) AppleWebKit/537.36 (KHTML, like Gecko) Chrome/109.0.0.0 Safari/537.36"
103.49.189.2 - - [27/Mar/2023:14:53:18 +0700] "GET /admin/modules/bibliography/iframe_author.php HTTP/1.1" 200 1505 "http://perpus.sman4tangerang.sch.id/admin/index.php?mod=bibliography" "Mozilla/5.0 (Windows NT 10.0; Win64; x64) AppleWebKit/537.36 (KHTML, like Gecko) Chrome/109.0.0.0 Safari/537.36"
103.49.189.2 - - [27/Mar/2023:14:53:27 +0700] "POST /admin/AJAX_lookup_handler.php HTTP/1.1" 403 1584 "http://perpus.sman4tangerang.sch.id/admin/modules/bibliography/pop_author.php?biblioID=0" "Mozilla/5.0 (Windows NT 10.0; Win64; x64) AppleWebKit/537.36 (KHTML, like Gecko) Chrome/109.0.0.0 Safari/537.36"
103.49.189.2 - - [27/Mar/2023:14:53:27 +0700] "POST /admin/AJAX_lookup_handler.php HTTP/1.1" 403 1584 "http://perpus.sman4tangerang.sch.id/admin/modules/bibliography/pop_author.php?biblioID=0" "Mozilla/5.0 (Windows NT 10.0; Win64; x64) AppleWebKit/537.36 (KHTML, like Gecko) Chrome/109.0.0.0 Safari/537.36"
103.49.189.2 - - [27/Mar/2023:14:53:28 +0700] "POST /admin/AJAX_lookup_handler.php HTTP/1.1" 403 1584 "http://perpus.sman4tangerang.sch.id/admin/modules/bibliography/pop_author.php?biblioID=0" "Mozilla/5.0 (Windows NT 10.0; Win64; x64) AppleWebKit/537.36 (KHTML, like Gecko) Chrome/109.0.0.0 Safari/537.36"
103.49.189.2 - - [27/Mar/2023:14:53:28 +0700] "POST /admin/AJAX_lookup_handler.php HTTP/1.1" 403 1584 "http://perpus.sman4tangerang.sch.id/admin/modules/bibliography/pop_author.php?biblioID=0" "Mozilla/5.0 (Windows NT 10.0; Win64; x64) AppleWebKit/537.36 (KHTML, like Gecko) Chrome/109.0.0.0 Safari/537.36"
103.49.189.2 - - [27/Mar/2023:14:53:28 +0700] "POST /admin/AJAX_lookup_handler.php HTTP/1.1" 403 1584 "http://perpus.sman4tangerang.sch.id/admin/modules/bibliography/pop_author.php?biblioID=0" "Mozilla/5.0 (Windows NT 10.0; Win64; x64) AppleWebKit/537.36 (KHTML, like Gecko) Chrome/109.0.0.0 Safari/537.36"
103.49.189.2 - - [27/Mar/2023:14:53:29 +0700] "POST /admin/AJAX_lookup_handler.php HTTP/1.1" 403 1584 "http://perpus.sman4tangerang.sch.id/admin/modules/bibliography/pop_author.php?biblioID=0" "Mozilla/5.0 (Windows NT 10.0; Win64; x64) AppleWebKit/537.36 (KHTML, like Gecko) Chrome/109.0.0.0 Safari/537.36"
103.49.189.2 - - [27/Mar/2023:14:53:31 +0700] "POST /admin/AJAX_lookup_handler.php HTTP/1.1" 403 1584 "http://perpus.sman4tangerang.sch.id/admin/modules/bibliography/pop_author.php?biblioID=0" "Mozilla/5.0 (Windows NT 10.0; Win64; x64) AppleWebKit/537.36 (KHTML, like Gecko) Chrome/109.0.0.0 Safari/537.36"
103.49.189.2 - - [27/Mar/2023:14:53:32 +0700] "POST /admin/AJAX_lookup_handler.php HTTP/1.1" 403 1584 "http://perpus.sman4tangerang.sch.id/admin/modules/bibliography/pop_author.php?biblioID=0" "Mozilla/5.0 (Windows NT 10.0; Win64; x64) AppleWebKit/537.36 (KHTML, like Gecko) Chrome/109.0.0.0 Safari/537.36"
103.49.189.2 - - [27/Mar/2023:14:53:35 +0700] "POST /admin/AJAX_lookup_handler.php HTTP/1.1" 403 1584 "http://perpus.sman4tangerang.sch.id/admin/modules/bibliography/pop_author.php?biblioID=0" "Mozilla/5.0 (Windows NT 10.0; Win64; x64) AppleWebKit/537.36 (KHTML, like Gecko) Chrome/109.0.0.0 Safari/537.36"
103.49.189.2 - - [27/Mar/2023:14:53:37 +0700] "POST /admin/AJAX_lookup_handler.php HTTP/1.1" 403 1584 "http://perpus.sman4tangerang.sch.id/admin/modules/bibliography/pop_author.php?biblioID=0" "Mozilla/5.0 (Windows NT 10.0; Win64; x64) AppleWebKit/537.36 (KHTML, like Gecko) Chrome/109.0.0.0 Safari/537.36"
103.49.189.2 - - [27/Mar/2023:14:53:38 +0700] "POST /admin/AJAX_lookup_handler.php HTTP/1.1" 403 1584 "http://perpus.sman4tangerang.sch.id/admin/modules/bibliography/pop_author.php?biblioID=0" "Mozilla/5.0 (Windows NT 10.0; Win64; x64) AppleWebKit/537.36 (KHTML, like Gecko) Chrome/109.0.0.0 Safari/537.36"
103.49.189.2 - - [27/Mar/2023:14:53:38 +0700] "POST /admin/AJAX_lookup_handler.php HTTP/1.1" 403 1584 "http://perpus.sman4tangerang.sch.id/admin/modules/bibliography/pop_author.php?biblioID=0" "Mozilla/5.0 (Windows NT 10.0; Win64; x64) AppleWebKit/537.36 (KHTML, like Gecko) Chrome/109.0.0.0 Safari/537.36"
103.49.189.2 - - [27/Mar/2023:14:53:39 +0700] "POST /admin/AJAX_lookup_handler.php HTTP/1.1" 403 1584 "http://perpus.sman4tangerang.sch.id/admin/modules/bibliography/pop_author.php?biblioID=0" "Mozilla/5.0 (Windows NT 10.0; Win64; x64) AppleWebKit/537.36 (KHTML, like Gecko) Chrome/109.0.0.0 Safari/537.36"
103.49.189.2 - - [27/Mar/2023:14:53:39 +0700] "POST /admin/AJAX_lookup_handler.php HTTP/1.1" 403 1584 "http://perpus.sman4tangerang.sch.id/admin/modules/bibliography/pop_author.php?biblioID=0" "Mozilla/5.0 (Windows NT 10.0; Win64; x64) AppleWebKit/537.36 (KHTML, like Gecko) Chrome/109.0.0.0 Safari/537.36"
103.49.189.2 - - [27/Mar/2023:14:53:39 +0700] "POST /admin/AJAX_lookup_handler.php HTTP/1.1" 403 1584 "http://perpus.sman4tangerang.sch.id/admin/modules/bibliography/pop_author.php?biblioID=0" "Mozilla/5.0 (Windows NT 10.0; Win64; x64) AppleWebKit/537.36 (KHTML, like Gecko) Chrome/109.0.0.0 Safari/537.36"
103.49.189.2 - - [27/Mar/2023:14:53:39 +0700] "POST /admin/AJAX_lookup_handler.php HTTP/1.1" 403 1584 "http://perpus.sman4tangerang.sch.id/admin/modules/bibliography/pop_author.php?biblioID=0" "Mozilla/5.0 (Windows NT 10.0; Win64; x64) AppleWebKit/537.36 (KHTML, like Gecko) Chrome/109.0.0.0 Safari/537.36"
103.49.189.2 - - [27/Mar/2023:14:53:40 +0700] "POST /admin/AJAX_lookup_handler.php HTTP/1.1" 403 1584 "http://perpus.sman4tangerang.sch.id/admin/modules/bibliography/pop_author.php?biblioID=0" "Mozilla/5.0 (Windows NT 10.0; Win64; x64) AppleWebKit/537.36 (KHTML, like Gecko) Chrome/109.0.0.0 Safari/537.36"
103.49.189.2 - - [27/Mar/2023:14:53:40 +0700] "POST /admin/AJAX_lookup_handler.php HTTP/1.1" 403 1584 "http://perpus.sman4tangerang.sch.id/admin/modules/bibliography/pop_author.php?biblioID=0" "Mozilla/5.0 (Windows NT 10.0; Win64; x64) AppleWebKit/537.36 (KHTML, like Gecko) Chrome/109.0.0.0 Safari/537.36"
103.49.189.2 - - [27/Mar/2023:14:53:40 +0700] "POST /admin/AJAX_lookup_handler.php HTTP/1.1" 403 1584 "http://perpus.sman4tangerang.sch.id/admin/modules/bibliography/pop_author.php?biblioID=0" "Mozilla/5.0 (Windows NT 10.0; Win64; x64) AppleWebKit/537.36 (KHTML, like Gecko) Chrome/109.0.0.0 Safari/537.36"
103.49.189.2 - - [27/Mar/2023:14:53:42 +0700] "POST /admin/modules/bibliography/pop_author.php?biblioID=0 HTTP/1.1" 200 1859 "http://perpus.sman4tangerang.sch.id/admin/modules/bibliography/pop_author.php?biblioID=0" "Mozilla/5.0 (Windows NT 10.0; Win64; x64) AppleWebKit/537.36 (KHTML, like Gecko) Chrome/109.0.0.0 Safari/537.36"
103.49.189.2 - - [27/Mar/2023:14:53:42 +0700] "GET /admin/admin_template/default/style.css?31025342 HTTP/1.1" 200 5782 "http://perpus.sman4tangerang.sch.id/admin/modules/bibliography/pop_author.php?biblioID=0" "Mozilla/5.0 (Windows NT 10.0; Win64; x64) AppleWebKit/537.36 (KHTML, like Gecko) Chrome/109.0.0.0 Safari/537.36"
103.49.189.2 - - [27/Mar/2023:14:53:42 +0700] "GET /admin/modules/bibliography/iframe_author.php HTTP/1.1" 200 1530 "http://perpus.sman4tangerang.sch.id/admin/index.php?mod=bibliography" "Mozilla/5.0 (Windows NT 10.0; Win64; x64) AppleWebKit/537.36 (KHTML, like Gecko) Chrome/109.0.0.0 Safari/537.36"
216.244.66.241 - - [27/Mar/2023:15:04:35 +0700] "GET /robots.txt HTTP/1.1" 200 31809 "-" "Mozilla/5.0 (compatible; DotBot/1.2; +https://opensiteexplorer.org/dotbot; help@moz.com)"
185.191.171.38 - - [27/Mar/2023:15:05:02 +0700] "GET /index.php?id=258&p=show_detail HTTP/1.1" 200 7870 "-" "Mozilla/5.0 (compatible; SemrushBot/7~bl; +http://www.semrush.com/bot.html)"
185.191.171.9 - - [27/Mar/2023:15:06:36 +0700] "GET /index.php?author=%22Judith%2BTaylor%22&search=Search HTTP/1.1" 200 8435 "-" "Mozilla/5.0 (compatible; SemrushBot/7~bl; +http://www.semrush.com/bot.html)"
216.244.66.241 - - [27/Mar/2023:15:16:11 +0700] "GET /index.php?author=%22Rijanto+Tosin%22&search=Search HTTP/1.1" 200 40339 "-" "Mozilla/5.0 (compatible; DotBot/1.2; +https://opensiteexplorer.org/dotbot; help@moz.com)"
216.244.66.241 - - [27/Mar/2023:15:16:16 +0700] "GET /index.php?p=show_detail&id=90 HTTP/1.1" 200 33296 "-" "Mozilla/5.0 (compatible; DotBot/1.2; +https://opensiteexplorer.org/dotbot; help@moz.com)"
185.191.171.4 - - [27/Mar/2023:15:16:45 +0700] "GET /index.php?id=124&keywords&p=show_detail HTTP/1.1" 200 8107 "-" "Mozilla/5.0 (compatible; SemrushBot/7~bl; +http://www.semrush.com/bot.html)"
216.244.66.241 - - [27/Mar/2023:15:16:56 +0700] "GET /index.php?callnumber=1&search=search&page=5 HTTP/1.1" 200 58291 "-" "Mozilla/5.0 (compatible; DotBot/1.2; +https://opensiteexplorer.org/dotbot; help@moz.com)"
216.244.66.241 - - [27/Mar/2023:15:17:42 +0700] "GET /index.php?p=cite&id=133&keywords= HTTP/1.1" 200 545 "-" "Mozilla/5.0 (compatible; DotBot/1.2; +https://opensiteexplorer.org/dotbot; help@moz.com)"
216.244.66.241 - - [27/Mar/2023:15:21:26 +0700] "GET /index.php?author=%22AHMED+ZEWAIL%22&search=Search HTTP/1.1" 200 35358 "-" "Mozilla/5.0 (compatible; DotBot/1.2; +https://opensiteexplorer.org/dotbot; help@moz.com)"
216.244.66.241 - - [27/Mar/2023:15:21:29 +0700] "GET /index.php?author=%22Diane+Tillman%22&search=Search HTTP/1.1" 200 38149 "-" "Mozilla/5.0 (compatible; DotBot/1.2; +https://opensiteexplorer.org/dotbot; help@moz.com)"
216.244.66.241 - - [27/Mar/2023:15:21:34 +0700] "GET /index.php?p=show_detail&id=215&keywords= HTTP/1.1" 200 32989 "-" "Mozilla/5.0 (compatible; DotBot/1.2; +https://opensiteexplorer.org/dotbot; help@moz.com)"
185.191.171.42 - - [27/Mar/2023:15:21:39 +0700] "GET /index.php?author=%22Drs.%2BA.%2BTabrani%2BRusyan%22&search=Search HTTP/1.1" 200 8309 "-" "Mozilla/5.0 (compatible; SemrushBot/7~bl; +http://www.semrush.com/bot.html)"
185.191.171.16 - - [27/Mar/2023:15:22:22 +0700] "GET /index.php?id=112&keywords&p=show_detail HTTP/1.1" 200 8047 "-" "Mozilla/5.0 (compatible; SemrushBot/7~bl; +http://www.semrush.com/bot.html)"
216.244.66.241 - - [27/Mar/2023:15:22:32 +0700] "GET /index.php?author=%22Cahyo+Satria+Wijaya%22&search=Search HTTP/1.1" 200 35567 "-" "Mozilla/5.0 (compatible; DotBot/1.2; +https://opensiteexplorer.org/dotbot; help@moz.com)"
216.244.66.241 - - [27/Mar/2023:15:23:44 +0700] "GET /index.php?author=Ibrahim+Al&search=Search HTTP/1.1" 200 33192 "-" "Mozilla/5.0 (compatible; DotBot/1.2; +https://opensiteexplorer.org/dotbot; help@moz.com)"
216.244.66.241 - - [27/Mar/2023:15:25:43 +0700] "GET /index.php?p=show_detail&id=323&keywords= HTTP/1.1" 200 33292 "-" "Mozilla/5.0 (compatible; DotBot/1.2; +https://opensiteexplorer.org/dotbot; help@moz.com)"
216.244.66.241 - - [27/Mar/2023:15:25:45 +0700] "GET /index.php?p=show_detail&id=39&keywords= HTTP/1.1" 200 33564 "-" "Mozilla/5.0 (compatible; DotBot/1.2; +https://opensiteexplorer.org/dotbot; help@moz.com)"
185.191.171.10 - - [27/Mar/2023:15:30:26 +0700] "GET /index.php?author=%22Lyman%2BA.%2BKellstedu%22&search=Search HTTP/1.1" 200 8398 "-" "Mozilla/5.0 (compatible; SemrushBot/7~bl; +http://www.semrush.com/bot.html)"
185.191.171.7 - - [27/Mar/2023:15:33:17 +0700] "GET /index.php?id=393&keywords&p=cite HTTP/1.1" 200 886 "-" "Mozilla/5.0 (compatible; SemrushBot/7~bl; +http://www.semrush.com/bot.html)"
157.55.39.216 - - [27/Mar/2023:15:36:33 +0700] "GET /index.php?p=show_detail&id=133&keywords= HTTP/1.1" 200 8121 "-" "Mozilla/5.0 AppleWebKit/537.36 (KHTML, like Gecko; compatible; bingbot/2.0; +http://www.bing.com/bingbot.htm) Chrome/103.0.5060.134 Safari/537.36"
185.191.171.42 - - [27/Mar/2023:15:43:03 +0700] "GET /robots.txt HTTP/1.1" 200 7698 "-" "Mozilla/5.0 (compatible; SemrushBot/7~bl; +http://www.semrush.com/bot.html)"
185.191.171.5 - - [27/Mar/2023:15:43:04 +0700] "GET /index.php?author=Lester%2BR.%2BBrown&search=Search HTTP/1.1" 200 7731 "-" "Mozilla/5.0 (compatible; SemrushBot/7~bl; +http://www.semrush.com/bot.html)"
185.191.171.17 - - [27/Mar/2023:15:43:23 +0700] "GET /index.php?id=208&keywords&p=show_detail HTTP/1.1" 200 8063 "-" "Mozilla/5.0 (compatible; SemrushBot/7~bl; +http://www.semrush.com/bot.html)"
185.191.171.24 - - [27/Mar/2023:15:47:02 +0700] "GET /index.php?id=226&keywords&p=show_detail HTTP/1.1" 200 7956 "-" "Mozilla/5.0 (compatible; SemrushBot/7~bl; +http://www.semrush.com/bot.html)"
185.191.171.34 - - [27/Mar/2023:15:49:50 +0700] "GET /index.php?id=187&p=show_detail HTTP/1.1" 200 8065 "-" "Mozilla/5.0 (compatible; SemrushBot/7~bl; +http://www.semrush.com/bot.html)"
185.191.171.39 - - [27/Mar/2023:15:52:17 +0700] "GET /index.php?author=%22Anggota%2BIKAPI%22&search=Search HTTP/1.1" 200 8199 "-" "Mozilla/5.0 (compatible; SemrushBot/7~bl; +http://www.semrush.com/bot.html)"
185.191.171.35 - - [27/Mar/2023:15:53:36 +0700] "GET /index.php?id=395&keywords&p=cite HTTP/1.1" 200 890 "-" "Mozilla/5.0 (compatible; SemrushBot/7~bl; +http://www.semrush.com/bot.html)"
185.191.171.39 - - [27/Mar/2023:15:55:28 +0700] "GET /index.php?id=96&p=show_detail HTTP/1.1" 200 8039 "-" "Mozilla/5.0 (compatible; SemrushBot/7~bl; +http://www.semrush.com/bot.html)"
185.191.171.35 - - [27/Mar/2023:15:55:32 +0700] "GET /index.php?author=%22Anshori%2BUmar%22&search=Search HTTP/1.1" 200 8226 "-" "Mozilla/5.0 (compatible; SemrushBot/7~bl; +http://www.semrush.com/bot.html)"
185.191.171.40 - - [27/Mar/2023:15:55:35 +0700] "GET /index.php?id=184&keywords&p=show_detail HTTP/1.1" 200 8007 "-" "Mozilla/5.0 (compatible; SemrushBot/7~bl; +http://www.semrush.com/bot.html)"
216.244.66.241 - - [27/Mar/2023:15:59:21 +0700] "GET /robots.txt HTTP/1.1" 200 31801 "-" "Mozilla/5.0 (compatible; DotBot/1.2; +https://opensiteexplorer.org/dotbot; help@moz.com)"
185.191.171.38 - - [27/Mar/2023:16:02:12 +0700] "GET /index.php?id=129&p=show_detail HTTP/1.1" 200 8138 "-" "Mozilla/5.0 (compatible; SemrushBot/7~bl; +http://www.semrush.com/bot.html)"
185.191.171.4 - - [27/Mar/2023:16:04:40 +0700] "GET /index.php?id=15&p=show_detail HTTP/1.1" 200 8082 "-" "Mozilla/5.0 (compatible; SemrushBot/7~bl; +http://www.semrush.com/bot.html)"
185.191.171.39 - - [27/Mar/2023:16:05:34 +0700] "GET /index.php?id=231&p=show_detail HTTP/1.1" 200 8010 "-" "Mozilla/5.0 (compatible; SemrushBot/7~bl; +http://www.semrush.com/bot.html)"
185.191.171.23 - - [27/Mar/2023:16:09:42 +0700] "GET /index.php?id=151&p=show_detail HTTP/1.1" 200 7984 "-" "Mozilla/5.0 (compatible; SemrushBot/7~bl; +http://www.semrush.com/bot.html)"
185.191.171.23 - - [27/Mar/2023:16:10:43 +0700] "GET /index.php?author=Made%2BPurna&search=Search HTTP/1.1" 200 8306 "-" "Mozilla/5.0 (compatible; SemrushBot/7~bl; +http://www.semrush.com/bot.html)"
185.191.171.16 - - [27/Mar/2023:16:12:21 +0700] "GET /index.php?author=%22Jakob%2BOetama%22&search=Search HTTP/1.1" 200 8268 "-" "Mozilla/5.0 (compatible; SemrushBot/7~bl; +http://www.semrush.com/bot.html)"
216.244.66.241 - - [27/Mar/2023:16:12:34 +0700] "GET /index.php?callnumber=0&search=search&page=3 HTTP/1.1" 200 58414 "-" "Mozilla/5.0 (compatible; DotBot/1.2; +https://opensiteexplorer.org/dotbot; help@moz.com)"
185.191.171.18 - - [27/Mar/2023:16:14:07 +0700] "GET /index.php?id=296&p=show_detail HTTP/1.1" 200 7868 "-" "Mozilla/5.0 (compatible; SemrushBot/7~bl; +http://www.semrush.com/bot.html)"
185.191.171.36 - - [27/Mar/2023:16:15:08 +0700] "GET /index.php?id=192&p=show_detail HTTP/1.1" 200 8062 "-" "Mozilla/5.0 (compatible; SemrushBot/7~bl; +http://www.semrush.com/bot.html)"
216.244.66.241 - - [27/Mar/2023:16:15:39 +0700] "GET /index.php?p=show_detail&id=357 HTTP/1.1" 200 33035 "-" "Mozilla/5.0 (compatible; DotBot/1.2; +https://opensiteexplorer.org/dotbot; help@moz.com)"
185.191.171.26 - - [27/Mar/2023:16:16:26 +0700] "GET /index.php?author=Prof.%2BDr.%2BH.M.%2BRidwan%2BLubis&search=Search HTTP/1.1" 200 7620 "-" "Mozilla/5.0 (compatible; SemrushBot/7~bl; +http://www.semrush.com/bot.html)"
216.244.66.241 - - [27/Mar/2023:16:16:50 +0700] "GET /index.php?author=Drs.+Hendyat+Soetopo&search=Search HTTP/1.1" 200 33166 "-" "Mozilla/5.0 (compatible; DotBot/1.2; +https://opensiteexplorer.org/dotbot; help@moz.com)"
185.191.171.18 - - [27/Mar/2023:16:17:07 +0700] "GET /index.php?id=386&keywords&p=show_detail HTTP/1.1" 200 8038 "-" "Mozilla/5.0 (compatible; SemrushBot/7~bl; +http://www.semrush.com/bot.html)"
216.244.66.241 - - [27/Mar/2023:16:21:11 +0700] "GET /index.php?author=%22Dr.Erhans%22&search=Search HTTP/1.1" 200 35229 "-" "Mozilla/5.0 (compatible; DotBot/1.2; +https://opensiteexplorer.org/dotbot; help@moz.com)"
216.244.66.241 - - [27/Mar/2023:16:21:16 +0700] "GET /index.php?author=BARBARA+PEASE&search=Search HTTP/1.1" 200 35591 "-" "Mozilla/5.0 (compatible; DotBot/1.2; +https://opensiteexplorer.org/dotbot; help@moz.com)"
185.191.171.37 - - [27/Mar/2023:16:26:19 +0700] "GET /index.php?author=Yudhy%2BWicaksono%2B%26%2BSolusi%2BKantor&search=Search HTTP/1.1" 200 7668 "-" "Mozilla/5.0 (compatible; SemrushBot/7~bl; +http://www.semrush.com/bot.html)"
185.191.171.18 - - [27/Mar/2023:16:29:53 +0700] "GET /index.php?author=%22Suhardi%22&search=Search HTTP/1.1" 200 8236 "-" "Mozilla/5.0 (compatible; SemrushBot/7~bl; +http://www.semrush.com/bot.html)"
185.191.171.5 - - [27/Mar/2023:16:33:00 +0700] "GET /index.php?id=75&p=show_detail HTTP/1.1" 200 8040 "-" "Mozilla/5.0 (compatible; SemrushBot/7~bl; +http://www.semrush.com/bot.html)"
185.191.171.35 - - [27/Mar/2023:16:37:59 +0700] "GET /index.php?id=102&keywords&p=show_detail HTTP/1.1" 200 8049 "-" "Mozilla/5.0 (compatible; SemrushBot/7~bl; +http://www.semrush.com/bot.html)"
185.191.171.24 - - [27/Mar/2023:16:48:16 +0700] "GET /robots.txt HTTP/1.1" 200 7698 "-" "Mozilla/5.0 (compatible; SemrushBot/7~bl; +http://www.semrush.com/bot.html)"
185.191.171.4 - - [27/Mar/2023:16:48:18 +0700] "GET /index.php?author=Indarto%2BWaluyo&search=Search HTTP/1.1" 200 8321 "-" "Mozilla/5.0 (compatible; SemrushBot/7~bl; +http://www.semrush.com/bot.html)"
185.191.171.20 - - [27/Mar/2023:16:49:15 +0700] "GET /index.php?author=Wiyoso%2BYudoseputro&search=Search HTTP/1.1" 200 8251 "-" "Mozilla/5.0 (compatible; SemrushBot/7~bl; +http://www.semrush.com/bot.html)"
185.191.171.12 - - [27/Mar/2023:16:49:20 +0700] "GET /index.php?id=278&p=show_detail HTTP/1.1" 200 7923 "-" "Mozilla/5.0 (compatible; SemrushBot/7~bl; +http://www.semrush.com/bot.html)"
185.191.171.34 - - [27/Mar/2023:16:50:35 +0700] "GET /index.php?id=47&p=show_detail HTTP/1.1" 200 7987 "-" "Mozilla/5.0 (compatible; SemrushBot/7~bl; +http://www.semrush.com/bot.html)"
185.191.171.45 - - [27/Mar/2023:16:53:09 +0700] "GET /index.php?author=Prof.%2BDr.%2BHj.%2BZakiah%2BDarajat&search=Search HTTP/1.1" 200 7691 "-" "Mozilla/5.0 (compatible; SemrushBot/7~bl; +http://www.semrush.com/bot.html)"
216.244.66.241 - - [27/Mar/2023:16:53:24 +0700] "GET /robots.txt HTTP/1.1" 200 31767 "-" "Mozilla/5.0 (compatible; DotBot/1.2; +https://opensiteexplorer.org/dotbot; help@moz.com)"
185.191.171.21 - - [27/Mar/2023:16:54:45 +0700] "GET /index.php?author=%22Posman%2BSimanjuntak%22&search=Search HTTP/1.1" 200 8365 "-" "Mozilla/5.0 (compatible; SemrushBot/7~bl; +http://www.semrush.com/bot.html)"
185.191.171.12 - - [27/Mar/2023:16:55:09 +0700] "GET /index.php?author=Handoko%2BGani%2BSE%2C%2BMBA%2C%2BBAII&search=Search HTTP/1.1" 200 7713 "-" "Mozilla/5.0 (compatible; SemrushBot/7~bl; +http://www.semrush.com/bot.html)"
185.191.171.5 - - [27/Mar/2023:16:57:50 +0700] "GET /index.php?id=341&p=show_detail HTTP/1.1" 200 7959 "-" "Mozilla/5.0 (compatible; SemrushBot/7~bl; +http://www.semrush.com/bot.html)"
185.191.171.6 - - [27/Mar/2023:17:00:48 +0700] "GET /index.php?id=179&keywords&p=show_detail HTTP/1.1" 200 7745 "-" "Mozilla/5.0 (compatible; SemrushBot/7~bl; +http://www.semrush.com/bot.html)"
216.244.66.241 - - [27/Mar/2023:17:03:21 +0700] "GET /index.php?p=show_detail&id=265 HTTP/1.1" 200 32935 "-" "Mozilla/5.0 (compatible; DotBot/1.2; +https://opensiteexplorer.org/dotbot; help@moz.com)"
216.244.66.241 - - [27/Mar/2023:17:03:27 +0700] "GET /index.php?p=show_detail&id=329 HTTP/1.1" 200 33310 "-" "Mozilla/5.0 (compatible; DotBot/1.2; +https://opensiteexplorer.org/dotbot; help@moz.com)"
216.244.66.241 - - [27/Mar/2023:17:03:32 +0700] "GET /index.php?p=show_detail&id=86 HTTP/1.1" 200 32989 "-" "Mozilla/5.0 (compatible; DotBot/1.2; +https://opensiteexplorer.org/dotbot; help@moz.com)"
185.191.171.36 - - [27/Mar/2023:17:03:34 +0700] "GET /index.php?author=Nanang%2BQosim%2BYusuf&search=Search HTTP/1.1" 200 8237 "-" "Mozilla/5.0 (compatible; SemrushBot/7~bl; +http://www.semrush.com/bot.html)"
185.191.171.23 - - [27/Mar/2023:17:04:48 +0700] "GET /index.php?author=Nasrudim%2BAbd.%2BRohim&search=Search HTTP/1.1" 200 7614 "-" "Mozilla/5.0 (compatible; SemrushBot/7~bl; +http://www.semrush.com/bot.html)"
185.191.171.8 - - [27/Mar/2023:17:08:21 +0700] "GET /index.php?id=359&keywords&p=show_detail HTTP/1.1" 200 7901 "-" "Mozilla/5.0 (compatible; SemrushBot/7~bl; +http://www.semrush.com/bot.html)"
185.191.171.40 - - [27/Mar/2023:17:08:54 +0700] "GET /index.php?author=Winardi%2Bsutantyo&search=Search HTTP/1.1" 200 8235 "-" "Mozilla/5.0 (compatible; SemrushBot/7~bl; +http://www.semrush.com/bot.html)"
185.191.171.40 - - [27/Mar/2023:17:10:34 +0700] "GET /index.php?author=%22Mohamed%2BAbed%2BAl-Jabiri%22&search=Search HTTP/1.1" 200 8378 "-" "Mozilla/5.0 (compatible; SemrushBot/7~bl; +http://www.semrush.com/bot.html)"
216.244.66.241 - - [27/Mar/2023:17:10:36 +0700] "GET /index.php?author=%22Drs.+Nurana%22&search=Search HTTP/1.1" 200 35481 "-" "Mozilla/5.0 (compatible; DotBot/1.2; +https://opensiteexplorer.org/dotbot; help@moz.com)"
216.244.66.241 - - [27/Mar/2023:17:10:40 +0700] "GET /index.php?p=show_detail&id=364 HTTP/1.1" 200 33132 "-" "Mozilla/5.0 (compatible; DotBot/1.2; +https://opensiteexplorer.org/dotbot; help@moz.com)"
185.191.171.7 - - [27/Mar/2023:17:12:05 +0700] "GET /index.php?id=355&keywords&p=show_detail HTTP/1.1" 200 7905 "-" "Mozilla/5.0 (compatible; SemrushBot/7~bl; +http://www.semrush.com/bot.html)"
216.244.66.241 - - [27/Mar/2023:17:13:26 +0700] "GET /index.php?p=cite&id=231&keywords= HTTP/1.1" 200 543 "-" "Mozilla/5.0 (compatible; DotBot/1.2; +https://opensiteexplorer.org/dotbot; help@moz.com)"
216.244.66.241 - - [27/Mar/2023:17:13:29 +0700] "GET /index.php?p=cite&id=352&keywords= HTTP/1.1" 200 545 "-" "Mozilla/5.0 (compatible; DotBot/1.2; +https://opensiteexplorer.org/dotbot; help@moz.com)"
185.191.171.36 - - [27/Mar/2023:17:14:01 +0700] "GET /index.php?id=250&p=show_detail HTTP/1.1" 200 7888 "-" "Mozilla/5.0 (compatible; SemrushBot/7~bl; +http://www.semrush.com/bot.html)"
185.191.171.12 - - [27/Mar/2023:17:14:20 +0700] "GET /index.php?author=%22D.A.%2BSutatmi%2Bdan%2BDrs.%2BSupriyanto%22&search=Search HTTP/1.1" 200 8389 "-" "Mozilla/5.0 (compatible; SemrushBot/7~bl; +http://www.semrush.com/bot.html)"
185.191.171.19 - - [27/Mar/2023:17:15:18 +0700] "GET /index.php?author=Khuraisiy&search=Search HTTP/1.1" 200 8296 "-" "Mozilla/5.0 (compatible; SemrushBot/7~bl; +http://www.semrush.com/bot.html)"
185.191.171.34 - - [27/Mar/2023:17:16:10 +0700] "GET /index.php?id=146&p=show_detail HTTP/1.1" 200 7976 "-" "Mozilla/5.0 (compatible; SemrushBot/7~bl; +http://www.semrush.com/bot.html)"
185.191.171.2 - - [27/Mar/2023:17:23:27 +0700] "GET /index.php?author=%22Prof.%2BR.%2BDr.%2BSoerjono%2BSoekanto%2C%2BS.H.%2C%2BM.A%22&search=Search HTTP/1.1" 200 8570 "-" "Mozilla/5.0 (compatible; SemrushBot/7~bl; +http://www.semrush.com/bot.html)"
185.191.171.44 - - [27/Mar/2023:17:25:37 +0700] "GET /index.php?id=105&keywords&p=show_detail HTTP/1.1" 200 8093 "-" "Mozilla/5.0 (compatible; SemrushBot/7~bl; +http://www.semrush.com/bot.html)"
185.191.171.38 - - [27/Mar/2023:17:25:39 +0700] "GET /index.php?author=%22Nasrudim%2BAbd.%2BRohim%22&search=Search HTTP/1.1" 200 8276 "-" "Mozilla/5.0 (compatible; SemrushBot/7~bl; +http://www.semrush.com/bot.html)"
185.191.171.6 - - [27/Mar/2023:17:26:15 +0700] "GET /index.php?id=392&keywords&p=cite HTTP/1.1" 200 565 "-" "Mozilla/5.0 (compatible; SemrushBot/7~bl; +http://www.semrush.com/bot.html)"
185.191.171.6 - - [27/Mar/2023:17:28:29 +0700] "GET /index.php?id=309&keywords&p=show_detail HTTP/1.1" 200 7765 "-" "Mozilla/5.0 (compatible; SemrushBot/7~bl; +http://www.semrush.com/bot.html)"
185.191.171.8 - - [27/Mar/2023:17:33:08 +0700] "GET /index.php?id=238&keywords&p=show_detail HTTP/1.1" 200 7944 "-" "Mozilla/5.0 (compatible; SemrushBot/7~bl; +http://www.semrush.com/bot.html)"
185.191.171.26 - - [27/Mar/2023:17:38:01 +0700] "GET /index.php?author=%22Drs.%2BDaryanto%22&search=Search HTTP/1.1" 200 8299 "-" "Mozilla/5.0 (compatible; SemrushBot/7~bl; +http://www.semrush.com/bot.html)"
185.191.171.15 - - [27/Mar/2023:17:40:00 +0700] "GET /index.php?author=%22Monty%2BP.%2BSatiadarma%22&search=Search HTTP/1.1" 200 8477 "-" "Mozilla/5.0 (compatible; SemrushBot/7~bl; +http://www.semrush.com/bot.html)"
185.191.171.5 - - [27/Mar/2023:17:40:45 +0700] "GET /index.php?author=Azis%2BSuganda&search=Search HTTP/1.1" 200 8365 "-" "Mozilla/5.0 (compatible; SemrushBot/7~bl; +http://www.semrush.com/bot.html)"
185.191.171.35 - - [27/Mar/2023:17:42:50 +0700] "GET /index.php?id=30&keywords&p=show_detail HTTP/1.1" 200 8038 "-" "Mozilla/5.0 (compatible; SemrushBot/7~bl; +http://www.semrush.com/bot.html)"
185.191.171.1 - - [27/Mar/2023:17:45:40 +0700] "GET /index.php?id=231&keywords&p=show_detail HTTP/1.1" 200 8049 "-" "Mozilla/5.0 (compatible; SemrushBot/7~bl; +http://www.semrush.com/bot.html)"
185.191.171.14 - - [27/Mar/2023:17:46:25 +0700] "GET /index.php?author=Adib%2BMubarok&search=Search HTTP/1.1" 200 8244 "-" "Mozilla/5.0 (compatible; SemrushBot/7~bl; +http://www.semrush.com/bot.html)"
216.244.66.241 - - [27/Mar/2023:17:46:45 +0700] "GET /robots.txt HTTP/1.1" 200 31809 "-" "Mozilla/5.0 (compatible; DotBot/1.2; +https://opensiteexplorer.org/dotbot; help@moz.com)"
185.191.171.9 - - [27/Mar/2023:17:46:52 +0700] "GET /index.php?id=255&p=show_detail HTTP/1.1" 200 7908 "-" "Mozilla/5.0 (compatible; SemrushBot/7~bl; +http://www.semrush.com/bot.html)"
185.191.171.6 - - [27/Mar/2023:17:49:44 +0700] "GET /robots.txt HTTP/1.1" 200 7698 "-" "Mozilla/5.0 (compatible; SemrushBot/7~bl; +http://www.semrush.com/bot.html)"
185.191.171.8 - - [27/Mar/2023:17:49:45 +0700] "GET /index.php?id=186&keywords&p=show_detail HTTP/1.1" 200 7964 "-" "Mozilla/5.0 (compatible; SemrushBot/7~bl; +http://www.semrush.com/bot.html)"
185.191.171.23 - - [27/Mar/2023:17:50:13 +0700] "GET /index.php?id=301&keywords&p=show_detail HTTP/1.1" 200 7895 "-" "Mozilla/5.0 (compatible; SemrushBot/7~bl; +http://www.semrush.com/bot.html)"
216.244.66.241 - - [27/Mar/2023:17:53:31 +0700] "GET /index.php?p=show_detail&id=125 HTTP/1.1" 200 33144 "-" "Mozilla/5.0 (compatible; DotBot/1.2; +https://opensiteexplorer.org/dotbot; help@moz.com)"
185.191.171.16 - - [27/Mar/2023:17:53:32 +0700] "GET /index.php?id=8&p=show_detail HTTP/1.1" 200 8041 "-" "Mozilla/5.0 (compatible; SemrushBot/7~bl; +http://www.semrush.com/bot.html)"
185.191.171.26 - - [27/Mar/2023:17:58:54 +0700] "GET /index.php?id=242&p=show_detail HTTP/1.1" 200 7916 "-" "Mozilla/5.0 (compatible; SemrushBot/7~bl; +http://www.semrush.com/bot.html)"
185.191.171.11 - - [27/Mar/2023:17:59:08 +0700] "GET /index.php?id=14&keywords&p=show_detail HTTP/1.1" 200 8016 "-" "Mozilla/5.0 (compatible; SemrushBot/7~bl; +http://www.semrush.com/bot.html)"
216.244.66.241 - - [27/Mar/2023:17:59:34 +0700] "GET /index.php?p=show_detail&id=336 HTTP/1.1" 200 33372 "-" "Mozilla/5.0 (compatible; DotBot/1.2; +https://opensiteexplorer.org/dotbot; help@moz.com)"
185.191.171.1 - - [27/Mar/2023:17:59:34 +0700] "GET /index.php?author=Abdul%2BAziz%2BBin%2BAbdullah%2BBin%2BBaaz&search=Search HTTP/1.1" 200 7797 "-" "Mozilla/5.0 (compatible; SemrushBot/7~bl; +http://www.semrush.com/bot.html)"
216.244.66.241 - - [27/Mar/2023:18:03:20 +0700] "GET /index.php?p=show_detail&id=134&keywords= HTTP/1.1" 200 36656 "-" "Mozilla/5.0 (compatible; DotBot/1.2; +https://opensiteexplorer.org/dotbot; help@moz.com)"
185.191.171.17 - - [27/Mar/2023:18:03:45 +0700] "GET /index.php?author=Drs.%2BSyarief%2BAli&search=Search HTTP/1.1" 200 7616 "-" "Mozilla/5.0 (compatible; SemrushBot/7~bl; +http://www.semrush.com/bot.html)"
185.191.171.7 - - [27/Mar/2023:18:04:29 +0700] "GET /index.php?author=Kristya%2BMintarja%2C%2BM.%2BEd.&search=Search HTTP/1.1" 200 7717 "-" "Mozilla/5.0 (compatible; SemrushBot/7~bl; +http://www.semrush.com/bot.html)"
185.191.171.19 - - [27/Mar/2023:18:04:35 +0700] "GET /index.php?id=256&keywords&p=show_detail HTTP/1.1" 200 7929 "-" "Mozilla/5.0 (compatible; SemrushBot/7~bl; +http://www.semrush.com/bot.html)"
216.244.66.241 - - [27/Mar/2023:18:04:44 +0700] "GET /index.php?author=%22Su+Rahman%22&search=Search HTTP/1.1" 200 35482 "-" "Mozilla/5.0 (compatible; DotBot/1.2; +https://opensiteexplorer.org/dotbot; help@moz.com)"
